Component: ARM Compiler 5.06 (build 20) Tool: armlink [4d35a3]

==============================================================================

Section Cross References

    startup_stm32f429_439xx.o(STACK) refers (Special) to heapauxi.o(.text) for __use_two_region_memory
    startup_stm32f429_439xx.o(HEAP) refers (Special) to heapauxi.o(.text) for __use_two_region_memory
    startup_stm32f429_439xx.o(RESET) refers (Special) to heapauxi.o(.text) for __use_two_region_memory
    startup_stm32f429_439xx.o(RESET) refers to startup_stm32f429_439xx.o(STACK) for __initial_sp
    startup_stm32f429_439xx.o(RESET) refers to startup_stm32f429_439xx.o(.text) for Reset_Handler
    startup_stm32f429_439xx.o(RESET) refers to stm32f4xx_it.o(i.NMI_Handler) for NMI_Handler
    startup_stm32f429_439xx.o(RESET) refers to stm32f4xx_it.o(i.HardFault_Handler) for HardFault_Handler
    startup_stm32f429_439xx.o(RESET) refers to stm32f4xx_it.o(i.MemManage_Handler) for MemManage_Handler
    startup_stm32f429_439xx.o(RESET) refers to stm32f4xx_it.o(i.BusFault_Handler) for BusFault_Handler
    startup_stm32f429_439xx.o(RESET) refers to stm32f4xx_it.o(i.UsageFault_Handler) for UsageFault_Handler
    startup_stm32f429_439xx.o(RESET) refers to stm32f4xx_it.o(i.SVC_Handler) for SVC_Handler
    startup_stm32f429_439xx.o(RESET) refers to stm32f4xx_it.o(i.DebugMon_Handler) for DebugMon_Handler
    startup_stm32f429_439xx.o(RESET) refers to os_cpu_a.o(CODE) for OS_CPU_PendSVHandler
    startup_stm32f429_439xx.o(RESET) refers to os_cpu_c.o(i.OS_CPU_SysTickHandler) for OS_CPU_SysTickHandler
    startup_stm32f429_439xx.o(RESET) refers to stm32f4xx_it.o(i.EXTI9_5_IRQHandler) for EXTI9_5_IRQHandler
    startup_stm32f429_439xx.o(RESET) refers to stm32f4xx_it.o(i.USART1_IRQHandler) for USART1_IRQHandler
    startup_stm32f429_439xx.o(RESET) refers to stm32f4xx_it.o(i.USART2_IRQHandler) for USART2_IRQHandler
    startup_stm32f429_439xx.o(.text) refers (Special) to heapauxi.o(.text) for __use_two_region_memory
    startup_stm32f429_439xx.o(.text) refers to system_stm32f4xx.o(i.SystemInit) for SystemInit
    startup_stm32f429_439xx.o(.text) refers to __main.o(!!!main) for __main
    startup_stm32f429_439xx.o(.text) refers to startup_stm32f429_439xx.o(HEAP) for Heap_Mem
    startup_stm32f429_439xx.o(.text) refers to startup_stm32f429_439xx.o(STACK) for Stack_Mem
    system_stm32f4xx.o(i.SystemCoreClockUpdate) refers to system_stm32f4xx.o(.data) for SystemCoreClock
    system_stm32f4xx.o(i.SystemInit) refers to system_stm32f4xx.o(i.SetSysClock) for SetSysClock
    app.o(i.AppTaskStart) refers to bsp.o(i.BSP_Init) for BSP_Init
    app.o(i.AppTaskStart) refers to cpu_core.o(i.CPU_Init) for CPU_Init
    app.o(i.AppTaskStart) refers to bsp.o(i.BSP_CPU_ClkFreq) for BSP_CPU_ClkFreq
    app.o(i.AppTaskStart) refers to os_cpu_c.o(i.OS_CPU_SysTickInit) for OS_CPU_SysTickInit
    app.o(i.AppTaskStart) refers to lib_mem.o(i.Mem_Init) for Mem_Init
    app.o(i.AppTaskStart) refers to lib_math.o(i.Math_Init) for Math_Init
    app.o(i.AppTaskStart) refers to os_stat.o(i.OSStatTaskCPUUsageInit) for OSStatTaskCPUUsageInit
    app.o(i.AppTaskStart) refers to os_time.o(i.OSTimeDlyHMSM) for OSTimeDlyHMSM
    app.o(i.AppTaskStart) refers to os_cfg_app.o(.constdata) for OSCfg_TickRate_Hz
    app.o(i.Bsp_Init) refers to bsp_bms.o(i.BSP_BMS_Init) for BSP_BMS_Init
    app.o(i.Bsp_Init) refers to bsp_camera.o(i.BSP_CAM_Init) for BSP_CAM_Init
    app.o(i.Bsp_Init) refers to bsp_gyroscope.o(i.BSP_GYR_Init) for BSP_GYR_Init
    app.o(i.Bsp_Init) refers to bsp_humiture.o(i.BSP_HUM_Init) for BSP_HUM_Init
    app.o(i.Bsp_Init) refers to bsp_telecontrol.o(i.BSP_TEL_Init) for BSP_TEL_Init
    app.o(i.Bsp_Init) refers to bsp_ultrasonic.o(i.BSP_ULT_Init) for BSP_ULT_Init
    app.o(i.Bsp_Init) refers to bsp_iocontrol.o(i.BSP_IO_Init) for BSP_IO_Init
    app.o(i.Synchronization_init) refers to os_mem.o(i.OSMemCreate) for OSMemCreate
    app.o(i.Synchronization_init) refers to os_q.o(i.OSQCreate) for OSQCreate
    app.o(i.Synchronization_init) refers to os_mutex.o(i.OSMutexCreate) for OSMutexCreate
    app.o(i.Synchronization_init) refers to app.o(.bss) for part_buf_m485
    app.o(i.Synchronization_init) refers to app.o(.data) for buf_m485
    app.o(i.main) refers to os_core.o(i.OSInit) for OSInit
    app.o(i.main) refers to app.o(i.Synchronization_init) for Synchronization_init
    app.o(i.main) refers to app.o(i.Bsp_Init) for Bsp_Init
    app.o(i.main) refers to os_task.o(i.OSTaskCreate) for OSTaskCreate
    app.o(i.main) refers to os_core.o(i.OSStart) for OSStart
    app.o(i.main) refers to app.o(.bss) for AppTaskStartStk
    app.o(i.main) refers to app.o(i.AppTaskStart) for AppTaskStart
    app.o(i.main) refers to task_thread_ioc.o(i.task_thread_act) for task_thread_act
    app.o(i.main) refers to task_thread_tel.o(i.task_thread_tel) for task_thread_tel
    app.o(i.main) refers to task_thread_cam.o(i.task_thread_cam) for task_thread_cam
[...]
    i.OS_RdyListInsertTail                   0x08002bc0   Section        0  os_core.o(i.OS_RdyListInsertTail)
    i.OS_RdyListRemove                       0x08002bfc   Section        0  os_core.o(i.OS_RdyListRemove)
    i.OS_SchedLockTimeMeasStart              0x08002c58   Section        0  os_core.o(i.OS_SchedLockTimeMeasStart)
    i.OS_SchedLockTimeMeasStop               0x08002c74   Section        0  os_core.o(i.OS_SchedLockTimeMeasStop)
    i.OS_SemInit                             0x08002cb0   Section        0  os_sem.o(i.OS_SemInit)
    i.OS_StatTask                            0x08002cc8   Section        0  os_stat.o(i.OS_StatTask)
    i.OS_StatTaskInit                        0x08002fb0   Section        0  os_stat.o(i.OS_StatTaskInit)
    i.OS_TaskBlock                           0x0800307c   Section        0  os_core.o(i.OS_TaskBlock)
    i.OS_TaskDbgListAdd                      0x080030a8   Section        0  os_task.o(i.OS_TaskDbgListAdd)
    i.OS_TaskDbgListRemove                   0x080030d8   Section        0  os_task.o(i.OS_TaskDbgListRemove)
    i.OS_TaskInit                            0x0800311c   Section        0  os_task.o(i.OS_TaskInit)
    i.OS_TaskInitTCB                         0x0800313c   Section        0  os_task.o(i.OS_TaskInitTCB)
    i.OS_TaskResume                          0x080031f0   Section        0  os_task.o(i.OS_TaskResume)
    i.OS_TaskReturn                          0x080032f0   Section        0  os_task.o(i.OS_TaskReturn)
    i.OS_TaskSemPost                         0x08003308   Section        0  os_task.o(i.OS_TaskSemPost)
    i.OS_TaskSuspend                         0x080034cc   Section        0  os_task.o(i.OS_TaskSuspend)
    i.OS_TickListInsert                      0x080035e4   Section        0  os_tick.o(i.OS_TickListInsert)
    i.OS_TickListInsertDly                   0x0800366c   Section        0  os_tick.o(i.OS_TickListInsertDly)
    i.OS_TickListRemove                      0x08003728   Section        0  os_tick.o(i.OS_TickListRemove)
    i.OS_TickListResetPeak                   0x08003780   Section        0  os_tick.o(i.OS_TickListResetPeak)
    i.OS_TickListUpdateDly                   0x08003784   Section        0  os_tick.o(i.OS_TickListUpdateDly)
    OS_TickListUpdateDly                     0x08003785   Thumb Code   146  os_tick.o(i.OS_TickListUpdateDly)
    i.OS_TickListUpdateTimeout               0x0800381c   Section        0  os_tick.o(i.OS_TickListUpdateTimeout)
    OS_TickListUpdateTimeout                 0x0800381d   Thumb Code   208  os_tick.o(i.OS_TickListUpdateTimeout)
    i.OS_TickTask                            0x080038f0   Section        0  os_tick.o(i.OS_TickTask)
    i.OS_TickTaskInit                        0x08003960   Section        0  os_tick.o(i.OS_TickTaskInit)
    i.OS_TmrInit                             0x08003a28   Section        0  os_tmr.o(i.OS_TmrInit)
    i.OS_TmrLock                             0x08003b5c   Section        0  os_tmr.o(i.OS_TmrLock)
    OS_TmrLock                               0x08003b5d   Thumb Code    20  os_tmr.o(i.OS_TmrLock)
    i.OS_TmrResetPeak                        0x08003b74   Section        0  os_tmr.o(i.OS_TmrResetPeak)
    i.OS_TmrTask                             0x08003b78   Section        0  os_tmr.o(i.OS_TmrTask)
    i.OS_TmrUnlink                           0x08003c0c   Section        0  os_tmr.o(i.OS_TmrUnlink)
    i.OS_TmrUnlock                           0x08003c50   Section        0  os_tmr.o(i.OS_TmrUnlock)
    OS_TmrUnlock                             0x08003c51   Thumb Code    14  os_tmr.o(i.OS_TmrUnlock)
    i.SVC_Handler                            0x08003c64   Section        0  stm32f4xx_it.o(i.SVC_Handler)
    i.SetSysClock                            0x08003c68   Section        0  system_stm32f4xx.o(i.SetSysClock)
    SetSysClock                              0x08003c69   Thumb Code   274  system_stm32f4xx.o(i.SetSysClock)
    i.Synchronization_init                   0x08003d8c   Section        0  app.o(i.Synchronization_init)
    Synchronization_init                     0x08003d8d   Thumb Code   284  app.o(i.Synchronization_init)
    i.SystemInit                             0x08003f94   Section        0  system_stm32f4xx.o(i.SystemInit)
    i.USART1_IRQHandler                      0x08003ffc   Section        0  stm32f4xx_it.o(i.USART1_IRQHandler)
    i.USART2_IRQHandler                      0x08004098   Section        0  stm32f4xx_it.o(i.USART2_IRQHandler)
    i.UsageFault_Handler                     0x080040d8   Section        0  stm32f4xx_it.o(i.UsageFault_Handler)
    i.main                                   0x080040dc   Section        0  app.o(i.main)
    i.task_thread_act                        0x080043a4   Section        0  task_thread_ioc.o(i.task_thread_act)
    i.task_thread_bms                        0x080043d4   Section        0  task_thread_bms.o(i.task_thread_bms)
    i.task_thread_cam                        0x08004404   Section        0  task_thread_cam.o(i.task_thread_cam)
    i.task_thread_gyr                        0x08004434   Section        0  task_thread_gyr.o(i.task_thread_gyr)
    i.task_thread_hum                        0x08004464   Section        0  task_thread_hum.o(i.task_thread_hum)
    i.task_thread_tel                        0x08004494   Section        0  task_thread_tel.o(i.task_thread_tel)
    i.task_thread_ult                        0x080044c4   Section        0  task_thread_ult.o(i.task_thread_ult)
    x$fpl$fpinit                             0x080044f4   Section       10  fpinit.o(x$fpl$fpinit)
    $v0                                      0x080044f4   Number         0  fpinit.o(x$fpl$fpinit)
    .constdata                               0x08004500   Section      148  os_cfg_app.o(.constdata)
    .constdata                               0x08004594   Section      360  os_dbg.o(.constdata)
    .data                                    0x20000000   Section       68  app.o(.data)
    .data                                    0x20000044   Section       26  stm32f4xx_it.o(.data)
    data                                     0x20000050   Data           2  stm32f4xx_it.o(.data)
    databuf                                  0x2000005c   Data           1  stm32f4xx_it.o(.data)
    .data                                    0x20000060   Section        4  cpu_core.o(.data)
    .data                                    0x20000064   Section        4  lib_math.o(.data)
    .data                                    0x20000068   Section        4  lib_mem.o(.data)
    .data                                    0x2000006c   Section        8  os_prio.o(.data)
    .data                                    0x20000074   Section      196  os_var.o(.data)
    .data                                    0x20000138   Section        4  os_cpu_c.o(.data)
    .bss                                     0x2000013c   Section    10964  app.o(.bss)
    AppTaskStartTCB                          0x20001398   Data         184  app.o(.bss)
    AppTaskStartStk                          0x20001450   Data         512  app.o(.bss)
    AppTask1StartTCB                         0x20001650   Data         184  app.o(.bss)
    AppTask1StartStk                         0x20001708   Data         512  app.o(.bss)
    AppTask2StartTCB                         0x20001908   Data         184  app.o(.bss)
    AppTask2StartStk                         0x200019c0   Data         512  app.o(.bss)
    AppTask3StartTCB                         0x20001bc0   Data         184  app.o(.bss)
    AppTask3StartStk                         0x20001c78   Data         512  app.o(.bss)
    AppTask4StartTCB                         0x20001e78   Data         184  app.o(.bss)
    AppTask4StartStk                         0x20001f30   Data         512  app.o(.bss)
    AppTask5StartTCB                         0x20002130   Data         184  app.o(.bss)
    AppTask5StartStk                         0x200021e8   Data         512  app.o(.bss)
    AppTask6StartTCB                         0x200023e8   Data         184  app.o(.bss)
    AppTask6StartStk                         0x200024a0   Data         512  app.o(.bss)
    AppTask7StartTCB                         0x200026a0   Data         184  app.o(.bss)
    AppTask7StartStk                         0x20002758   Data         512  app.o(.bss)
    AppTask8StartTCB                         0x20002958   Data         184  app.o(.bss)
    AppTask8StartStk                         0x20002a10   Data         512  app.o(.bss)
    .bss                                     0x20002c10   Section       16  cpu_core.o(.bss)
    .bss                                     0x20002c20   Section     1096  lib_mem.o(.bss)
    .bss                                     0x20003068   Section     4160  os_cfg_app.o(.bss)
    .bss                                     0x200040a8   Section     1560  os_var.o(.bss)
    .bss                                     0x200046c0   Section       96  libspace.o(.bss)
    HEAP                                     0x20004720   Section      512  startup_stm32f429_439xx.o(HEAP)
    Heap_Mem                                 0x20004720   Data         512  startup_stm32f429_439xx.o(HEAP)
    STACK                                    0x20004920   Section     1024  startup_stm32f429_439xx.o(STACK)
    Stack_Mem                                0x20004920   Data        1024  startup_stm32f429_439xx.o(STACK)
    __initial_sp                             0x20004d20   Data           0  startup_stm32f429_439xx.o(STACK)

    Global Symbols

    Symbol Name                              Value     Ov Type        Size  Object(Section)

    BuildAttributes$$THM_ISAv4$E$P$D$K$B$S$7EM$VFPi3$EXTD16$VFPS$VFMA$PE$A:L22UL41UL21$X:L11$S22US41US21$IEEE1$IW$USESV6$~STKCKD$USESV7$~SHL$OSPACE$ROPI$EBA8$UX$STANDARDLIB$REQ8$PRES8$EABIv2 0x00000000   Number         0  anon$$obj.o ABSOLUTE
    __ARM_use_no_argv                        0x00000000   Number         0  app.o ABSOLUTE
    __ARM_exceptions_init                     - Undefined Weak Reference
    __alloca_initialize                       - Undefined Weak Reference
    __arm_preinit_                            - Undefined Weak Reference
    __cpp_initialize__aeabi_                  - Undefined Weak Reference
    __cxa_finalize                            - Undefined Weak Reference
    __rt_locale                               - Undefined Weak Reference
    __sigvec_lookup                           - Undefined Weak Reference
    _atexit_init                              - Undefined Weak Reference
    _call_atexit_fns                          - Undefined Weak Reference
    _clock_init                               - Undefined Weak Reference
    _fp_trap_init                             - Undefined Weak Reference
    _fp_trap_shutdown                         - Undefined Weak Reference
    _get_lc_collate                           - Undefined Weak Reference
    _get_lc_ctype                             - Undefined Weak Reference
    _get_lc_monetary                          - Undefined Weak Reference
    _get_lc_numeric                           - Undefined Weak Reference
    _get_lc_time                              - Undefined Weak Reference
    _getenv_init                              - Undefined Weak Reference
    _handle_redirection                       - Undefined Weak Reference
    _init_alloc                               - Undefined Weak Reference
    _init_user_alloc                          - Undefined Weak Reference
    _initio                                   - Undefined Weak Reference
    _rand_init                                - Undefined Weak Reference
    _signal_finish                            - Undefined Weak Reference
    _signal_init                              - Undefined Weak Reference
    _terminate_alloc                          - Undefined Weak Reference
    _terminate_user_alloc                     - Undefined Weak Reference
    _terminateio                              - Undefined Weak Reference
    __Vectors_Size                           0x000001ac   Number         0  startup_stm32f429_439xx.o ABSOLUTE
    __Vectors                                0x08000000   Data           4  startup_stm32f429_439xx.o(RESET)
    __Vectors_End                            0x080001ac   Data           0  startup_stm32f429_439xx.o(RESET)
    __main                                   0x080001ad   Thumb Code     8  __main.o(!!!main)
    __scatterload                            0x080001b5   Thumb Code     0  __scatter.o(!!!scatter)
    __scatterload_rt2                        0x080001b5   Thumb Code    44  __scatter.o(!!!scatter)
    __scatterload_rt2_thumb_only             0x080001b5   Thumb Code     0  __scatter.o(!!!scatter)
    __scatterload_null                       0x080001c3   Thumb Code     0  __scatter.o(!!!scatter)
    __decompress                             0x080001e9   Thumb Code    58  __dczerorl.o(!!dczerorl)
    __decompress0                            0x080001e9   Thumb Code     0  __dczerorl.o(!!dczerorl)
    __scatterload_zeroinit                   0x08000225   Thumb Code    28  __scatter_zi.o(!!handler_zi)
    __rt_lib_init                            0x08000241   Thumb Code     0  libinit.o(.ARM.Collect$$libinit$$00000000)
    __rt_lib_init_fp_1                       0x08000243   Thumb Code     0  libinit2.o(.ARM.Collect$$libinit$$00000001)
    __rt_lib_init_alloca_1                   0x08000247   Thumb Code     0  libinit2.o(.ARM.Collect$$libinit$$0000002E)
    __rt_lib_init_argv_1                     0x08000247   Thumb Code     0  libinit2.o(.ARM.Collect$$libinit$$0000002C)
    __rt_lib_init_atexit_1                   0x08000247   Thumb Code     0  libinit2.o(.ARM.Collect$$libinit$$0000001B)
    __rt_lib_init_clock_1                    0x08000247   Thumb Code     0  libinit2.o(.ARM.Collect$$libinit$$00000021)
    __rt_lib_init_cpp_1                      0x08000247   Thumb Code     0  libinit2.o(.ARM.Collect$$libinit$$00000032)
    __rt_lib_init_exceptions_1               0x08000247   Thumb Code     0  libinit2.o(.ARM.Collect$$libinit$$00000030)
    __rt_lib_init_fp_trap_1                  0x08000247   Thumb Code     0  libinit2.o(.ARM.Collect$$libinit$$0000001F)
    __rt_lib_init_getenv_1                   0x08000247   Thumb Code     0  libinit2.o(.ARM.Collect$$libinit$$00000023)
    __rt_lib_init_heap_1                     0x08000247   Thumb Code     0  libinit2.o(.ARM.Collect$$libinit$$0000000A)
    __rt_lib_init_lc_collate_1               0x08000247   Thumb Code     0  libinit2.o(.ARM.Collect$$libinit$$00000011)
    __rt_lib_init_lc_ctype_1                 0x08000247   Thumb Code     0  libinit2.o(.ARM.Collect$$libinit$$00000013)
    __rt_lib_init_lc_monetary_1              0x08000247   Thumb Code     0  libinit2.o(.ARM.Collect$$libinit$$00000015)
    __rt_lib_init_lc_numeric_1               0x08000247   Thumb Code     0  libinit2.o(.ARM.Collect$$libinit$$00000017)
    __rt_lib_init_lc_time_1                  0x08000247   Thumb Code     0  libinit2.o(.ARM.Collect$$libinit$$00000019)
    __rt_lib_init_preinit_1                  0x08000247   Thumb Code     0  libinit2.o(.ARM.Collect$$libinit$$00000004)
    __rt_lib_init_rand_1                     0x08000247   Thumb Code     0  libinit2.o(.ARM.Collect$$libinit$$0000000E)
    __rt_lib_init_return                     0x08000247   Thumb Code     0  libinit2.o(.ARM.Collect$$libinit$$00000033)
    __rt_lib_init_signal_1                   0x08000247   Thumb Code     0  libinit2.o(.ARM.Collect$$libinit$$0000001D)
    __rt_lib_init_stdio_1                    0x08000247   Thumb Code     0  libinit2.o(.ARM.Collect$$libinit$$00000025)
    __rt_lib_init_user_alloc_1               0x08000247   Thumb Code     0  libinit2.o(.ARM.Collect$$libinit$$0000000C)
    __rt_lib_shutdown                        0x08000249   Thumb Code     0  libshutdown.o(.ARM.Collect$$libshutdown$$00000000)
    __rt_lib_shutdown_cpp_1                  0x0800024b   Thumb Code     0  libshutdown2.o(.ARM.Collect$$libshutdown$$00000002)
    __rt_lib_shutdown_fp_trap_1              0x0800024b   Thumb Code     0  libshutdown2.o(.ARM.Collect$$libshutdown$$00000007)
    __rt_lib_shutdown_heap_1                 0x0800024b   Thumb Code     0  libshutdown2.o(.ARM.Collect$$libshutdown$$0000000F)
    __rt_lib_shutdown_return                 0x0800024b   Thumb Code     0  libshutdown2.o(.ARM.Collect$$libshutdown$$00000010)
    __rt_lib_shutdown_signal_1               0x0800024b   Thumb Code     0  libshutdown2.o(.ARM.Collect$$libshutdown$$0000000A)
    __rt_lib_shutdown_stdio_1                0x0800024b   Thumb Code     0  libshutdown2.o(.ARM.Collect$$libshutdown$$00000004)
    __rt_lib_shutdown_user_alloc_1           0x0800024b   Thumb Code     0  libshutdown2.o(.ARM.Collect$$libshutdown$$0000000C)
    __rt_entry                               0x0800024d   Thumb Code     0  __rtentry.o(.ARM.Collect$$rtentry$$00000000)
    __rt_entry_presh_1                       0x0800024d   Thumb Code     0  __rtentry2.o(.ARM.Collect$$rtentry$$00000002)
    __rt_entry_sh                            0x0800024d   Thumb Code     0  __rtentry4.o(.ARM.Collect$$rtentry$$00000004)
    __rt_entry_li                            0x08000253   Thumb Code     0  __rtentry2.o(.ARM.Collect$$rtentry$$0000000A)
    __rt_entry_postsh_1                      0x08000253   Thumb Code     0  __rtentry2.o(.ARM.Collect$$rtentry$$00000009)
    __rt_entry_main                          0x08000257   Thumb Code     0  __rtentry2.o(.ARM.Collect$$rtentry$$0000000D)
    __rt_entry_postli_1                      0x08000257   Thumb Code     0  __rtentry2.o(.ARM.Collect$$rtentry$$0000000C)
    __rt_exit                                0x0800025f   Thumb Code     0  rtexit.o(.ARM.Collect$$rtexit$$00000000)
    __rt_exit_ls                             0x08000261   Thumb Code     0  rtexit2.o(.ARM.Collect$$rtexit$$00000003)
    __rt_exit_prels_1                        0x08000261   Thumb Code     0  rtexit2.o(.ARM.Collect$$rtexit$$00000002)
    __rt_exit_exit                           0x08000265   Thumb Code     0  rtexit2.o(.ARM.Collect$$rtexit$$00000004)
    Reset_Handler                            0x0800026d   Thumb Code     8  startup_stm32f429_439xx.o(.text)
    ADC_IRQHandler                           0x08000287   Thumb Code     0  startup_stm32f429_439xx.o(.text)
    CAN1_RX0_IRQHandler                      0x08000287   Thumb Code     0  startup_stm32f429_439xx.o(.text)
    CAN1_RX1_IRQHandler                      0x08000287   Thumb Code     0  startup_stm32f429_439xx.o(.text)
    CAN1_SCE_IRQHandler                      0x08000287   Thumb Code     0  startup_stm32f429_439xx.o(.text)
    CAN1_TX_IRQHandler                       0x08000287   Thumb Code     0  startup_stm32f429_439xx.o(.text)
    CAN2_RX0_IRQHandler                      0x08000287   Thumb Code     0  startup_stm32f429_439xx.o(.text)
    CAN2_RX1_IRQHandler                      0x08000287   Thumb Code     0  startup_stm32f429_439xx.o(.text)
    CAN2_SCE_IRQHandler                      0x08000287   Thumb Code     0  startup_stm32f429_439xx.o(.text)
    CAN2_TX_IRQHandler                       0x08000287   Thumb Code     0  startup_stm32f429_439xx.o(.text)
    CRYP_IRQHandler                          0x08000287   Thumb Code     0  startup_stm32f429_439xx.o(.text)
    DCMI_IRQHandler                          0x08000287   Thumb Code     0  startup_stm32f429_439xx.o(.text)
    DMA1_Stream0_IRQHandler                  0x08000287   Thumb Code     0  startup_stm32f429_439xx.o(.text)
    DMA1_Stream1_IRQHandler                  0x08000287   Thumb Code     0  startup_stm32f429_439xx.o(.text)
    DMA1_Stream2_IRQHandler                  0x08000287   Thumb Code     0  startup_stm32f429_439xx.o(.text)
    DMA1_Stream3_IRQHandler                  0x08000287   Thumb Code     0  startup_stm32f429_439xx.o(.text)
    DMA1_Stream4_IRQHandler                  0x08000287   Thumb Code     0  startup_stm32f429_439xx.o(.text)
    DMA1_Stream5_IRQHandler                  0x08000287   Thumb Code     0  startup_stm32f429_439xx.o(.text)
    DMA1_Stream6_IRQHandler                  0x08000287   Thumb Code     0  startup_stm32f429_439xx.o(.text)
    DMA1_Stream7_IRQHandler                  0x08000287   Thumb Code     0  startup_stm32f429_439xx.o(.text)
    DMA2D_IRQHandler                         0x08000287   Thumb Code     0  startup_stm32f429_439xx.o(.text)
    DMA2_Stream0_IRQHandler                  0x08000287   Thumb Code     0  startup_stm32f429_439xx.o(.text)
    DMA2_Stream1_IRQHandler                  0x08000287   Thumb Code     0  startup_stm32f429_439xx.o(.text)
    DMA2_Stream2_IRQHandler                  0x08000287   Thumb Code     0  startup_stm32f429_439xx.o(.text)
    DMA2_Stream3_IRQHandler                  0x08000287   Thumb Code     0  startup_stm32f429_439xx.o(.text)
    DMA2_Stream4_IRQHandler                  0x08000287   Thumb Code     0  startup_stm32f429_439xx.o(.text)
    DMA2_Stream5_IRQHandler                  0x08000287   Thumb Code     0  startup_stm32f429_439xx.o(.text)
    DMA2_Stream6_IRQHandler                  0x08000287   Thumb Code     0  startup_stm32f429_439xx.o(.text)
    DMA2_Stream7_IRQHandler                  0x08000287   Thumb Code     0  startup_stm32f429_439xx.o(.text)
    ETH_IRQHandler                           0x08000287   Thumb Code     0  startup_stm32f429_439xx.o(.text)
    ETH_WKUP_IRQHandler                      0x08000287   Thumb Code     0  startup_stm32f429_439xx.o(.text)
    EXTI0_IRQHandler                         0x08000287   Thumb Code     0  startup_stm32f429_439xx.o(.text)
    EXTI15_10_IRQHandler                     0x08000287   Thumb Code     0  startup_stm32f429_439xx.o(.text)
    EXTI1_IRQHandler                         0x08000287   Thumb Code     0  startup_stm32f429_439xx.o(.text)
    EXTI2_IRQHandler                         0x08000287   Thumb Code     0  startup_stm32f429_439xx.o(.text)
    EXTI3_IRQHandler                         0x08000287   Thumb Code     0  startup_stm32f429_439xx.o(.text)
    EXTI4_IRQHandler                         0x08000287   Thumb Code     0  startup_stm32f429_439xx.o(.text)
    FLASH_IRQHandler                         0x08000287   Thumb Code     0  startup_stm32f429_439xx.o(.text)
    FMC_IRQHandler                           0x08000287   Thumb Code     0  startup_stm32f429_439xx.o(.text)
    FPU_IRQHandler                           0x08000287   Thumb Code     0  startup_stm32f429_439xx.o(.text)
    HASH_RNG_IRQHandler                      0x08000287   Thumb Code     0  startup_stm32f429_439xx.o(.text)
    I2C1_ER_IRQHandler                       0x08000287   Thumb Code     0  startup_stm32f429_439xx.o(.text)
    I2C1_EV_IRQHandler                       0x08000287   Thumb Code     0  startup_stm32f429_439xx.o(.text)
    I2C2_ER_IRQHandler                       0x08000287   Thumb Code     0  startup_stm32f429_439xx.o(.text)
    I2C2_EV_IRQHandler                       0x08000287   Thumb Code     0  startup_stm32f429_439xx.o(.text)
    I2C3_ER_IRQHandler                       0x08000287   Thumb Code     0  startup_stm32f429_439xx.o(.text)
    I2C3_EV_IRQHandler                       0x08000287   Thumb Code     0  startup_stm32f429_439xx.o(.text)
    LTDC_ER_IRQHandler                       0x08000287   Thumb Code     0  startup_stm32f429_439xx.o(.text)
    LTDC_IRQHandler                          0x08000287   Thumb Code     0  startup_stm32f429_439xx.o(.text)
    OTG_FS_IRQHandler                        0x08000287   Thumb Code     0  startup_stm32f429_439xx.o(.text)
    OTG_FS_WKUP_IRQHandler                   0x08000287   Thumb Code     0  startup_stm32f429_439xx.o(.text)
    OTG_HS_EP1_IN_IRQHandler                 0x08000287   Thumb Code     0  startup_stm32f429_439xx.o(.text)
    OTG_HS_EP1_OUT_IRQHandler                0x08000287   Thumb Code     0  startup_stm32f429_439xx.o(.text)
    OTG_HS_IRQHandler                        0x08000287   Thumb Code     0  startup_stm32f429_439xx.o(.text)
    OTG_HS_WKUP_IRQHandler                   0x08000287   Thumb Code     0  startup_stm32f429_439xx.o(.text)
    PVD_IRQHandler                           0x08000287   Thumb Code     0  startup_stm32f429_439xx.o(.text)
    RCC_IRQHandler                           0x08000287   Thumb Code     0  startup_stm32f429_439xx.o(.text)
    RTC_Alarm_IRQHandler                     0x08000287   Thumb Code     0  startup_stm32f429_439xx.o(.text)
    RTC_WKUP_IRQHandler                      0x08000287   Thumb Code     0  startup_stm32f429_439xx.o(.text)
    SAI1_IRQHandler                          0x08000287   Thumb Code     0  startup_stm32f429_439xx.o(.text)
    SDIO_IRQHandler                          0x08000287   Thumb Code     0  startup_stm32f429_439xx.o(.text)
    SPI1_IRQHandler                          0x08000287   Thumb Code     0  startup_stm32f429_439xx.o(.text)
    SPI2_IRQHandler                          0x08000287   Thumb Code     0  startup_stm32f429_439xx.o(.text)
    SPI3_IRQHandler                          0x08000287   Thumb Code     0  startup_stm32f429_439xx.o(.text)
    SPI4_IRQHandler                          0x08000287   Thumb Code     0  startup_stm32f429_439xx.o(.text)
    SPI5_IRQHandler                          0x08000287   Thumb Code     0  startup_stm32f429_439xx.o(.text)
    SPI6_IRQHandler                          0x08000287   Thumb Code     0  startup_stm32f429_439xx.o(.text)
    TAMP_STAMP_IRQHandler                    0x08000287   Thumb Code     0  startup_stm32f429_439xx.o(.text)
    TIM1_BRK_TIM9_IRQHandler                 0x08000287   Thumb Code     0  startup_stm32f429_439xx.o(.text)
    TIM1_CC_IRQHandler                       0x08000287   Thumb Code     0  startup_stm32f429_439xx.o(.text)
    TIM1_TRG_COM_TIM11_IRQHandler            0x08000287   Thumb Code     0  startup_stm32f429_439xx.o(.text)
    TIM1_UP_TIM10_IRQHandler                 0x08000287   Thumb Code     0  startup_stm32f429_439xx.o(.text)
    TIM2_IRQHandler                          0x08000287   Thumb Code     0  startup_stm32f429_439xx.o(.text)
    TIM3_IRQHandler                          0x08000287   Thumb Code     0  startup_stm32f429_439xx.o(.text)
    TIM4_IRQHandler                          0x08000287   Thumb Code     0  startup_stm32f429_439xx.o(.text)
    TIM5_IRQHandler                          0x08000287   Thumb Code     0  startup_stm32f429_439xx.o(.text)
    TIM6_DAC_IRQHandler                      0x08000287   Thumb Code     0  startup_stm32f429_439xx.o(.text)
    TIM7_IRQHandler                          0x08000287   Thumb Code     0  startup_stm32f429_439xx.o(.text)
    TIM8_BRK_TIM12_IRQHandler                0x08000287   Thumb Code     0  startup_stm32f429_439xx.o(.text)
    TIM8_CC_IRQHandler                       0x08000287   Thumb Code     0  startup_stm32f429_439xx.o(.text)
    TIM8_TRG_COM_TIM14_IRQHandler            0x08000287   Thumb Code     0  startup_stm32f429_439xx.o(.text)
    TIM8_UP_TIM13_IRQHandler                 0x08000287   Thumb Code     0  startup_stm32f429_439xx.o(.text)
    UART4_IRQHandler                         0x08000287   Thumb Code     0  startup_stm32f429_439xx.o(.text)
    UART5_IRQHandler                         0x08000287   Thumb Code     0  startup_stm32f429_439xx.o(.text)
    UART7_IRQHandler                         0x08000287   Thumb Code     0  startup_stm32f429_439xx.o(.text)
    UART8_IRQHandler                         0x08000287   Thumb Code     0  startup_stm32f429_439xx.o(.text)
    USART3_IRQHandler                        0x08000287   Thumb Code     0  startup_stm32f429_439xx.o(.text)
    USART6_IRQHandler                        0x08000287   Thumb Code     0  startup_stm32f429_439xx.o(.text)
    WWDG_IRQHandler                          0x08000287   Thumb Code     0  startup_stm32f429_439xx.o(.text)
    __user_initial_stackheap                 0x08000289   Thumb Code     0  startup_stm32f429_439xx.o(.text)
    CPU_IntDis                               0x080002ad   Thumb Code     0  cpu_a.o(.text)
    CPU_IntEn                                0x080002b1   Thumb Code     0  cpu_a.o(.text)
    CPU_SR_Save                              0x080002b5   Thumb Code     0  cpu_a.o(.text)
    CPU_SR_Restore                           0x080002bd   Thumb Code     0  cpu_a.o(.text)
    CPU_WaitForInt                           0x080002c3   Thumb Code     0  cpu_a.o(.text)
    CPU_WaitForExcept                        0x080002c7   Thumb Code     0  cpu_a.o(.text)
    CPU_CntLeadZeros                         0x080002cb   Thumb Code     0  cpu_a.o(.text)
    CPU_CntTrailZeros                        0x080002d1   Thumb Code     0  cpu_a.o(.text)
    CPU_RevBits                              0x080002db   Thumb Code     0  cpu_a.o(.text)
    __use_two_region_memory                  0x080002e1   Thumb Code     2  heapauxi.o(.text)
    __rt_heap_escrow$2region                 0x080002e3   Thumb Code     2  heapauxi.o(.text)
    __rt_heap_expand$2region                 0x080002e5   Thumb Code     2  heapauxi.o(.text)
    __user_setup_stackheap                   0x080002e7   Thumb Code    74  sys_stackheap_outer.o(.text)
    exit                                     0x08000331   Thumb Code    18  exit.o(.text)
    __user_libspace                          0x08000345   Thumb Code     8  libspace.o(.text)
    __user_perproc_libspace                  0x08000345   Thumb Code     0  libspace.o(.text)
    __user_perthread_libspace                0x08000345   Thumb Code     0  libspace.o(.text)
    _sys_exit                                0x0800034d   Thumb Code     8  sys_exit.o(.text)
    __I$use$semihosting                      0x08000359   Thumb Code     0  use_no_semi.o(.text)
    __use_no_semihosting_swi                 0x08000359   Thumb Code     2  use_no_semi.o(.text)
    __semihosting_library_function           0x0800035b   Thumb Code     0  indicate_semi.o(.text)
    OS_CPU_FP_Reg_Push                       0x0800035d   Thumb Code     0  os_cpu_a.o(CODE)
    OS_CPU_FP_Reg_Pop                        0x08000377   Thumb Code     0  os_cpu_a.o(CODE)
    OSStartHighRdy                           0x08000389   Thumb Code     0  os_cpu_a.o(CODE)
    OSCtxSw                                  0x080003ab   Thumb Code     0  os_cpu_a.o(CODE)
    OSIntCtxSw                               0x080003b5   Thumb Code     0  os_cpu_a.o(CODE)
    OS_CPU_PendSVHandler                     0x080003bf   Thumb Code     0  os_cpu_a.o(CODE)
    BSP_BMS_Init                             0x08000469   Thumb Code     4  bsp_bms.o(i.BSP_BMS_Init)
    BSP_CAM_Init                             0x0800046d   Thumb Code     4  bsp_camera.o(i.BSP_CAM_Init)
    BSP_CPU_ClkFreq                          0x08000471   Thumb Code     4  bsp.o(i.BSP_CPU_ClkFreq)
    BSP_GYR_Init                             0x08000479   Thumb Code     4  bsp_gyroscope.o(i.BSP_GYR_Init)
    BSP_HUM_Init                             0x0800047d   Thumb Code     4  bsp_humiture.o(i.BSP_HUM_Init)
    BSP_IO_Init                              0x08000481   Thumb Code     4  bsp_iocontrol.o(i.BSP_IO_Init)
    BSP_Init                                 0x08000485   Thumb Code     2  bsp.o(i.BSP_Init)
    BSP_TEL_Init                             0x08000487   Thumb Code     4  bsp_telecontrol.o(i.BSP_TEL_Init)
    BSP_ULT_Init                             0x0800048b   Thumb Code     4  bsp_ultrasonic.o(i.BSP_ULT_Init)
    BusFault_Handler                         0x080004af   Thumb Code     4  stm32f4xx_it.o(i.BusFault_Handler)
    CPU_Init                                 0x080004b3   Thumb Code    12  cpu_core.o(i.CPU_Init)
    CPU_NameClr                              0x080004c1   Thumb Code    42  cpu_core.o(i.CPU_NameClr)
    CPU_TS_TmrFreqSet                        0x0800050d   Thumb Code     6  cpu_core.o(i.CPU_TS_TmrFreqSet)
    CPU_TS_TmrInit                           0x08000519   Thumb Code    44  bsp.o(i.CPU_TS_TmrInit)
    CPU_TS_TmrRd                             0x0800054d   Thumb Code     6  bsp.o(i.CPU_TS_TmrRd)
    DebugMon_Handler                         0x08000559   Thumb Code     2  stm32f4xx_it.o(i.DebugMon_Handler)
    EXTI9_5_IRQHandler                       0x0800055b   Thumb Code     2  stm32f4xx_it.o(i.EXTI9_5_IRQHandler)
    HardFault_Handler                        0x0800055d   Thumb Code    38  stm32f4xx_it.o(i.HardFault_Handler)
    Math_Init                                0x0800058d   Thumb Code    10  lib_math.o(i.Math_Init)
    Math_RandSetSeed                         0x08000599   Thumb Code    40  lib_math.o(i.Math_RandSetSeed)
    MemManage_Handler                        0x080005c5   Thumb Code     4  stm32f4xx_it.o(i.MemManage_Handler)
    Mem_Clr                                  0x080005c9   Thumb Code    18  lib_mem.o(i.Mem_Clr)
    Mem_Init                                 0x080005dd   Thumb Code    54  lib_mem.o(i.Mem_Init)
    Mem_Set                                  0x08000625   Thumb Code    84  lib_mem.o(i.Mem_Set)
    NMI_Handler                              0x08000679   Thumb Code     2  stm32f4xx_it.o(i.NMI_Handler)
    OSCfg_Init                               0x0800067b   Thumb Code     2  os_cfg_app.o(i.OSCfg_Init)
    OSIdleTaskHook                           0x0800067d   Thumb Code    16  os_cpu_c.o(i.OSIdleTaskHook)
    OSInit                                   0x08000691   Thumb Code   270  os_core.o(i.OSInit)
    OSInitHook                               0x080007f5   Thumb Code    28  os_cpu_c.o(i.OSInitHook)
    OSIntEnter                               0x0800081d   Thumb Code    34  os_core.o(i.OSIntEnter)
    OSIntExit                                0x08000849   Thumb Code   188  os_core.o(i.OSIntExit)
    OSMemCreate                              0x08000925   Thumb Code   232  os_mem.o(i.OSMemCreate)
    OSMemGet                                 0x08000a19   Thumb Code   100  os_mem.o(i.OSMemGet)
    OSMemPut                                 0x08000a7d   Thumb Code   112  os_mem.o(i.OSMemPut)
    OSMutexCreate                            0x08000aed   Thumb Code   122  os_mutex.o(i.OSMutexCreate)
    OSMutexPend                              0x08000b75   Thumb Code   574  os_mutex.o(i.OSMutexPend)
    OSMutexPost                              0x08000dc5   Thumb Code   354  os_mutex.o(i.OSMutexPost)
    OSQCreate                                0x08000f39   Thumb Code   130  os_q.o(i.OSQCreate)
    OSQPend                                  0x08000fc9   Thumb Code   446  os_q.o(i.OSQPend)
    OSSched                                  0x08001199   Thumb Code   130  os_core.o(i.OSSched)
    OSSchedLock                              0x08001239   Thumb Code   104  os_core.o(i.OSSchedLock)
    OSSchedUnlock                            0x080012ad   Thumb Code   136  os_core.o(i.OSSchedUnlock)
    OSStart                                  0x08001341   Thumb Code    78  os_core.o(i.OSStart)
    OSStatReset                              0x080013a9   Thumb Code   262  os_stat.o(i.OSStatReset)
    OSStatTaskCPUUsageInit                   0x080014d1   Thumb Code   212  os_stat.o(i.OSStatTaskCPUUsageInit)
    OSStatTaskHook                           0x080015c1   Thumb Code    16  os_cpu_c.o(i.OSStatTaskHook)
    OSTaskCreate                             0x080015d5   Thumb Code   392  os_task.o(i.OSTaskCreate)
    OSTaskCreateHook                         0x08001771   Thumb Code    20  os_cpu_c.o(i.OSTaskCreateHook)
    OSTaskDel                                0x08001789   Thumb Code   278  os_task.o(i.OSTaskDel)
    OSTaskDelHook                            0x080018b1   Thumb Code    20  os_cpu_c.o(i.OSTaskDelHook)
    OSTaskResume                             0x080018c9   Thumb Code    96  os_task.o(i.OSTaskResume)
    OSTaskReturnHook                         0x08001931   Thumb Code    20  os_cpu_c.o(i.OSTaskReturnHook)
    OSTaskSemPend                            0x08001949   Thumb Code   464  os_task.o(i.OSTaskSemPend)
    OSTaskSemPost                            0x08001b25   Thumb Code    62  os_task.o(i.OSTaskSemPost)
    OSTaskStkChk                             0x08001b65   Thumb Code   204  os_task.o(i.OSTaskStkChk)
    OSTaskStkInit                            0x08001c39   Thumb Code   600  os_cpu_c.o(i.OSTaskStkInit)
    OSTaskSuspend                            0x08001efd   Thumb Code    48  os_task.o(i.OSTaskSuspend)
    OSTaskSwHook                             0x08001f35   Thumb Code   168  os_cpu_c.o(i.OSTaskSwHook)
    OSTimeDly                                0x08001fed   Thumb Code   172  os_time.o(i.OSTimeDly)
    OSTimeDlyHMSM                            0x080020a5   Thumb Code   384  os_time.o(i.OSTimeDlyHMSM)
    OSTimeTick                               0x08002235   Thumb Code    50  os_time.o(i.OSTimeTick)
    OSTimeTickHook                           0x08002279   Thumb Code    16  os_cpu_c.o(i.OSTimeTickHook)
    OS_CPU_SysTickHandler                    0x0800228d   Thumb Code    52  os_cpu_c.o(i.OS_CPU_SysTickHandler)
    OS_CPU_SysTickInit                       0x080022c5   Thumb Code    44  os_cpu_c.o(i.OS_CPU_SysTickInit)
    OS_Dbg_Init                              0x080022f5   Thumb Code   146  os_dbg.o(i.OS_Dbg_Init)
    OS_FlagInit                              0x0800249d   Thumb Code    14  os_flag.o(i.OS_FlagInit)
    OS_IdleTask                              0x080024b5   Thumb Code    58  os_core.o(i.OS_IdleTask)
    OS_IdleTaskInit                          0x080024f9   Thumb Code    66  os_core.o(i.OS_IdleTaskInit)
    OS_MemDbgListAdd                         0x08002569   Thumb Code    34  os_mem.o(i.OS_MemDbgListAdd)
    OS_MemInit                               0x08002591   Thumb Code    14  os_mem.o(i.OS_MemInit)
    OS_MsgPoolInit                           0x080025a9   Thumb Code   110  os_msg.o(i.OS_MsgPoolInit)
    OS_MsgQFreeAll                           0x08002625   Thumb Code    62  os_msg.o(i.OS_MsgQFreeAll)
    OS_MsgQGet                               0x08002669   Thumb Code    98  os_msg.o(i.OS_MsgQGet)
    OS_MsgQInit                              0x080026d1   Thumb Code    14  os_msg.o(i.OS_MsgQInit)
    OS_MutexDbgListAdd                       0x080026e1   Thumb Code    38  os_mutex.o(i.OS_MutexDbgListAdd)
    OS_MutexInit                             0x08002711   Thumb Code    14  os_mutex.o(i.OS_MutexInit)
    OS_Pend                                  0x08002729   Thumb Code    98  os_core.o(i.OS_Pend)
    OS_PendDataInit                          0x08002791   Thumb Code    38  os_core.o(i.OS_PendDataInit)
    OS_PendDbgNameAdd                        0x080027b9   Thumb Code    66  os_core.o(i.OS_PendDbgNameAdd)
    OS_PendDbgNameRemove                     0x08002815   Thumb Code    30  os_core.o(i.OS_PendDbgNameRemove)
    OS_PendListChangePrio                    0x08002839   Thumb Code    70  os_core.o(i.OS_PendListChangePrio)
    OS_PendListInit                          0x0800287f   Thumb Code    10  os_core.o(i.OS_PendListInit)
    OS_PendListInsertPrio                    0x08002889   Thumb Code   102  os_core.o(i.OS_PendListInsertPrio)
    OS_PendListRemove                        0x080028ef   Thumb Code    48  os_core.o(i.OS_PendListRemove)
    OS_PendListRemove1                       0x0800291f   Thumb Code    66  os_core.o(i.OS_PendListRemove1)
    OS_Post                                  0x08002961   Thumb Code   214  os_core.o(i.OS_Post)
    OS_Post1                                 0x08002a37   Thumb Code    42  os_core.o(i.OS_Post1)
    OS_PrioGetHighest                        0x08002a61   Thumb Code    36  os_prio.o(i.OS_PrioGetHighest)
    OS_PrioInit                              0x08002a89   Thumb Code    20  os_prio.o(i.OS_PrioInit)
    OS_PrioInsert                            0x08002aa1   Thumb Code    32  os_prio.o(i.OS_PrioInsert)
    OS_PrioRemove                            0x08002ac5   Thumb Code    32  os_prio.o(i.OS_PrioRemove)
    OS_QDbgListAdd                           0x08002ae9   Thumb Code    38  os_q.o(i.OS_QDbgListAdd)
    OS_QInit                                 0x08002b19   Thumb Code    14  os_q.o(i.OS_QInit)
    OS_RdyListInit                           0x08002b31   Thumb Code    32  os_core.o(i.OS_RdyListInit)
    OS_RdyListInsert                         0x08002b55   Thumb Code    40  os_core.o(i.OS_RdyListInsert)
    OS_RdyListInsertHead                     0x08002b81   Thumb Code    58  os_core.o(i.OS_RdyListInsertHead)
    OS_RdyListInsertTail                     0x08002bc1   Thumb Code    56  os_core.o(i.OS_RdyListInsertTail)
    OS_RdyListRemove                         0x08002bfd   Thumb Code    86  os_core.o(i.OS_RdyListRemove)
    OS_SchedLockTimeMeasStart                0x08002c59   Thumb Code    20  os_core.o(i.OS_SchedLockTimeMeasStart)
    OS_SchedLockTimeMeasStop                 0x08002c75   Thumb Code    44  os_core.o(i.OS_SchedLockTimeMeasStop)
    OS_SemInit                               0x08002cb1   Thumb Code    14  os_sem.o(i.OS_SemInit)
    OS_StatTask                              0x08002cc9   Thumb Code   684  os_stat.o(i.OS_StatTask)
    OS_StatTaskInit                          0x08002fb1   Thumb Code   136  os_stat.o(i.OS_StatTaskInit)
    OS_TaskBlock                             0x0800307d   Thumb Code    40  os_core.o(i.OS_TaskBlock)
    OS_TaskDbgListAdd                        0x080030a9   Thumb Code    42  os_task.o(i.OS_TaskDbgListAdd)
    OS_TaskDbgListRemove                     0x080030d9   Thumb Code    64  os_task.o(i.OS_TaskDbgListRemove)
    OS_TaskInit                              0x0800311d   Thumb Code    18  os_task.o(i.OS_TaskInit)
    OS_TaskInitTCB                           0x0800313d   Thumb Code   166  os_task.o(i.OS_TaskInitTCB)
    OS_TaskResume                            0x080031f1   Thumb Code   256  os_task.o(i.OS_TaskResume)
    OS_TaskReturn                            0x080032f1   Thumb Code    20  os_task.o(i.OS_TaskReturn)
    OS_TaskSemPost                           0x08003309   Thumb Code   448  os_task.o(i.OS_TaskSemPost)
    OS_TaskSuspend                           0x080034cd   Thumb Code   272  os_task.o(i.OS_TaskSuspend)
    OS_TickListInsert                        0x080035e5   Thumb Code   134  os_tick.o(i.OS_TickListInsert)
    OS_TickListInsertDly                     0x0800366d   Thumb Code   180  os_tick.o(i.OS_TickListInsertDly)
    OS_TickListRemove                        0x08003729   Thumb Code    88  os_tick.o(i.OS_TickListRemove)
    OS_TickListResetPeak                     0x08003781   Thumb Code     2  os_tick.o(i.OS_TickListResetPeak)
    OS_TickTask                              0x080038f1   Thumb Code    98  os_tick.o(i.OS_TickTask)
    OS_TickTaskInit                          0x08003961   Thumb Code   140  os_tick.o(i.OS_TickTaskInit)
    OS_TmrInit                               0x08003a29   Thumb Code   200  os_tmr.o(i.OS_TmrInit)
    OS_TmrResetPeak                          0x08003b75   Thumb Code     2  os_tmr.o(i.OS_TmrResetPeak)
    OS_TmrTask                               0x08003b79   Thumb Code   134  os_tmr.o(i.OS_TmrTask)
    OS_TmrUnlink                             0x08003c0d   Thumb Code    58  os_tmr.o(i.OS_TmrUnlink)
    SVC_Handler                              0x08003c65   Thumb Code     2  stm32f4xx_it.o(i.SVC_Handler)
    SystemInit                               0x08003f95   Thumb Code    88  system_stm32f4xx.o(i.SystemInit)
    USART1_IRQHandler                        0x08003ffd   Thumb Code   136  stm32f4xx_it.o(i.USART1_IRQHandler)
    USART2_IRQHandler                        0x08004099   Thumb Code    54  stm32f4xx_it.o(i.USART2_IRQHandler)
    UsageFault_Handler                       0x080040d9   Thumb Code     4  stm32f4xx_it.o(i.UsageFault_Handler)
    main                                     0x080040dd   Thumb Code   462  app.o(i.main)
    task_thread_act                          0x080043a5   Thumb Code    40  task_thread_ioc.o(i.task_thread_act)
    task_thread_bms                          0x080043d5   Thumb Code    40  task_thread_bms.o(i.task_thread_bms)
    task_thread_cam                          0x08004405   Thumb Code    40  task_thread_cam.o(i.task_thread_cam)
    task_thread_gyr                          0x08004435   Thumb Code    40  task_thread_gyr.o(i.task_thread_gyr)
    task_thread_hum                          0x08004465   Thumb Code    40  task_thread_hum.o(i.task_thread_hum)
    task_thread_tel                          0x08004495   Thumb Code    40  task_thread_tel.o(i.task_thread_tel)
    task_thread_ult                          0x080044c5   Thumb Code    40  task_thread_ult.o(i.task_thread_ult)
    _fp_init                                 0x080044f5   Thumb Code    10  fpinit.o(x$fpl$fpinit)
    __fplib_config_fpu_vfp                   0x080044fd   Thumb Code     0  fpinit.o(x$fpl$fpinit)
    __fplib_config_pureend_doubles           0x080044fd   Thumb Code     0  fpinit.o(x$fpl$fpinit)
    OSCfg_IdleTaskStkBasePtr                 0x08004500   Data           4  os_cfg_app.o(.constdata)
    OSCfg_IdleTaskStkLimit                   0x08004504   Data           4  os_cfg_app.o(.constdata)
    OSCfg_IdleTaskStkSize                    0x08004508   Data           4  os_cfg_app.o(.constdata)
    OSCfg_IdleTaskStkSizeRAM                 0x0800450c   Data           4  os_cfg_app.o(.constdata)
    OSCfg_IntQBasePtr                        0x08004510   Data           4  os_cfg_app.o(.constdata)
    OSCfg_IntQSize                           0x08004514   Data           2  os_cfg_app.o(.constdata)
    OSCfg_IntQSizeRAM                        0x08004518   Data           4  os_cfg_app.o(.constdata)
    OSCfg_IntQTaskStkBasePtr                 0x0800451c   Data           4  os_cfg_app.o(.constdata)
    OSCfg_IntQTaskStkLimit                   0x08004520   Data           4  os_cfg_app.o(.constdata)
    OSCfg_IntQTaskStkSize                    0x08004524   Data           4  os_cfg_app.o(.constdata)
    OSCfg_IntQTaskStkSizeRAM                 0x08004528   Data           4  os_cfg_app.o(.constdata)
    OSCfg_ISRStkBasePtr                      0x0800452c   Data           4  os_cfg_app.o(.constdata)
    OSCfg_ISRStkSize                         0x08004530   Data           4  os_cfg_app.o(.constdata)
    OSCfg_ISRStkSizeRAM                      0x08004534   Data           4  os_cfg_app.o(.constdata)
    OSCfg_MsgPoolSize                        0x08004538   Data           2  os_cfg_app.o(.constdata)
    OSCfg_MsgPoolSizeRAM                     0x0800453c   Data           4  os_cfg_app.o(.constdata)
    OSCfg_MsgPoolBasePtr                     0x08004540   Data           4  os_cfg_app.o(.constdata)
    OSCfg_StatTaskPrio                       0x08004544   Data           1  os_cfg_app.o(.constdata)
    OSCfg_StatTaskRate_Hz                    0x08004548   Data           4  os_cfg_app.o(.constdata)
    OSCfg_StatTaskStkBasePtr                 0x0800454c   Data           4  os_cfg_app.o(.constdata)
    OSCfg_StatTaskStkLimit                   0x08004550   Data           4  os_cfg_app.o(.constdata)
    OSCfg_StatTaskStkSize                    0x08004554   Data           4  os_cfg_app.o(.constdata)
    OSCfg_StatTaskStkSizeRAM                 0x08004558   Data           4  os_cfg_app.o(.constdata)
    OSCfg_StkSizeMin                         0x0800455c   Data           4  os_cfg_app.o(.constdata)
    OSCfg_TickRate_Hz                        0x08004560   Data           4  os_cfg_app.o(.constdata)
    OSCfg_TickTaskPrio                       0x08004564   Data           1  os_cfg_app.o(.constdata)
    OSCfg_TickTaskStkBasePtr                 0x08004568   Data           4  os_cfg_app.o(.constdata)
    OSCfg_TickTaskStkLimit                   0x0800456c   Data           4  os_cfg_app.o(.constdata)
    OSCfg_TickTaskStkSize                    0x08004570   Data           4  os_cfg_app.o(.constdata)
    OSCfg_TickTaskStkSizeRAM                 0x08004574   Data           4  os_cfg_app.o(.constdata)
    OSCfg_TmrTaskPrio                        0x08004578   Data           1  os_cfg_app.o(.constdata)
    OSCfg_TmrTaskRate_Hz                     0x0800457c   Data           4  os_cfg_app.o(.constdata)
    OSCfg_TmrTaskStkBasePtr                  0x08004580   Data           4  os_cfg_app.o(.constdata)
    OSCfg_TmrTaskStkLimit                    0x08004584   Data           4  os_cfg_app.o(.constdata)
    OSCfg_TmrTaskStkSize                     0x08004588   Data           4  os_cfg_app.o(.constdata)
    OSCfg_TmrTaskStkSizeRAM                  0x0800458c   Data           4  os_cfg_app.o(.constdata)
    OSCfg_DataSizeRAM                        0x08004590   Data           4  os_cfg_app.o(.constdata)
    OSDbg_DbgEn                              0x08004594   Data           1  os_dbg.o(.constdata)
    OSDbg_ArgChkEn                           0x08004595   Data           1  os_dbg.o(.constdata)
    OSDbg_AppHooksEn                         0x08004596   Data           1  os_dbg.o(.constdata)
    OSDbg_EndiannessTest                     0x08004598   Data           4  os_dbg.o(.constdata)
    OSDbg_CalledFromISRChkEn                 0x0800459c   Data           1  os_dbg.o(.constdata)
    OSDbg_FlagEn                             0x0800459d   Data           1  os_dbg.o(.constdata)
    OSDbg_FlagGrp                            0x080045a0   Data          40  os_dbg.o(.constdata)
    OSDbg_FlagDelEn                          0x080045c8   Data           1  os_dbg.o(.constdata)
    OSDbg_FlagModeClrEn                      0x080045c9   Data           1  os_dbg.o(.constdata)
    OSDbg_FlagPendAbortEn                    0x080045ca   Data           1  os_dbg.o(.constdata)
    OSDbg_FlagGrpSize                        0x080045cc   Data           2  os_dbg.o(.constdata)
    OSDbg_FlagWidth                          0x080045ce   Data           2  os_dbg.o(.constdata)
    OSDbg_IntQ                               0x080045d0   Data           2  os_dbg.o(.constdata)
    OSDbg_ISRPostDeferredEn                  0x080045d2   Data           1  os_dbg.o(.constdata)
    OSDbg_Mem                                0x080045d4   Data          32  os_dbg.o(.constdata)
    OSDbg_MemEn                              0x080045f4   Data           1  os_dbg.o(.constdata)
    OSDbg_MemSize                            0x080045f6   Data           2  os_dbg.o(.constdata)
    OSDbg_MsgEn                              0x080045f8   Data           1  os_dbg.o(.constdata)
    OSDbg_MsgSize                            0x080045fa   Data           2  os_dbg.o(.constdata)
    OSDbg_MsgPoolSize                        0x080045fc   Data           2  os_dbg.o(.constdata)
    OSDbg_MsgQSize                           0x080045fe   Data           2  os_dbg.o(.constdata)
    OSDbg_Mutex                              0x08004600   Data          44  os_dbg.o(.constdata)
    OSDbg_MutexEn                            0x0800462c   Data           1  os_dbg.o(.constdata)
    OSDbg_MutexDelEn                         0x0800462d   Data           1  os_dbg.o(.constdata)
    OSDbg_MutexPendAbortEn                   0x0800462e   Data           1  os_dbg.o(.constdata)
    OSDbg_MutexSize                          0x08004630   Data           2  os_dbg.o(.constdata)
    OSDbg_ObjTypeChkEn                       0x08004632   Data           1  os_dbg.o(.constdata)
    OSDbg_PendMultiEn                        0x08004633   Data           1  os_dbg.o(.constdata)
    OSDbg_PendDataSize                       0x08004634   Data           2  os_dbg.o(.constdata)
    OSDbg_PendListSize                       0x08004636   Data           2  os_dbg.o(.constdata)
    OSDbg_PendObjSize                        0x08004638   Data           2  os_dbg.o(.constdata)
    OSDbg_PrioMax                            0x0800463a   Data           2  os_dbg.o(.constdata)
    OSDbg_PrioTblSize                        0x0800463c   Data           2  os_dbg.o(.constdata)
    OSDbg_PtrSize                            0x0800463e   Data           2  os_dbg.o(.constdata)
    OSDbg_Q                                  0x08004640   Data          48  os_dbg.o(.constdata)
    OSDbg_QEn                                0x08004670   Data           1  os_dbg.o(.constdata)
    OSDbg_QDelEn                             0x08004671   Data           1  os_dbg.o(.constdata)
    OSDbg_QFlushEn                           0x08004672   Data           1  os_dbg.o(.constdata)
    OSDbg_QPendAbortEn                       0x08004673   Data           1  os_dbg.o(.constdata)
    OSDbg_QSize                              0x08004674   Data           2  os_dbg.o(.constdata)
    OSDbg_SchedRoundRobinEn                  0x08004676   Data           1  os_dbg.o(.constdata)
    OSDbg_Sem                                0x08004678   Data          40  os_dbg.o(.constdata)
    OSDbg_SemEn                              0x080046a0   Data           1  os_dbg.o(.constdata)
    OSDbg_SemDelEn                           0x080046a1   Data           1  os_dbg.o(.constdata)
    OSDbg_SemPendAbortEn                     0x080046a2   Data           1  os_dbg.o(.constdata)
    OSDbg_SemSetEn                           0x080046a3   Data           1  os_dbg.o(.constdata)
    OSDbg_SemSize                            0x080046a4   Data           2  os_dbg.o(.constdata)
    OSDbg_RdyList                            0x080046a6   Data           2  os_dbg.o(.constdata)
    OSDbg_RdyListSize                        0x080046a8   Data           4  os_dbg.o(.constdata)
    OSDbg_StkWidth                           0x080046ac   Data           1  os_dbg.o(.constdata)
    OSDbg_StatTaskEn                         0x080046ad   Data           1  os_dbg.o(.constdata)
    OSDbg_StatTaskStkChkEn                   0x080046ae   Data           1  os_dbg.o(.constdata)
    OSDbg_TaskChangePrioEn                   0x080046af   Data           1  os_dbg.o(.constdata)
    OSDbg_TaskDelEn                          0x080046b0   Data           1  os_dbg.o(.constdata)
    OSDbg_TaskQEn                            0x080046b1   Data           1  os_dbg.o(.constdata)
    OSDbg_TaskQPendAbortEn                   0x080046b2   Data           1  os_dbg.o(.constdata)
    OSDbg_TaskProfileEn                      0x080046b3   Data           1  os_dbg.o(.constdata)
    OSDbg_TaskRegTblSize                     0x080046b4   Data           2  os_dbg.o(.constdata)
    OSDbg_TaskSemPendAbortEn                 0x080046b6   Data           1  os_dbg.o(.constdata)
    OSDbg_TaskSuspendEn                      0x080046b7   Data           1  os_dbg.o(.constdata)
    OSDbg_TCBSize                            0x080046b8   Data           2  os_dbg.o(.constdata)
    OSDbg_TickListSize                       0x080046ba   Data           2  os_dbg.o(.constdata)
    OSDbg_TimeDlyHMSMEn                      0x080046bc   Data           1  os_dbg.o(.constdata)
    OSDbg_TimeDlyResumeEn                    0x080046bd   Data           1  os_dbg.o(.constdata)
    OSDbg_TLS_TblSize                        0x080046be   Data           2  os_dbg.o(.constdata)
    OSDbg_Tmr                                0x080046c0   Data          48  os_dbg.o(.constdata)
    OSDbg_TmrEn                              0x080046f0   Data           1  os_dbg.o(.constdata)
    OSDbg_TmrDelEn                           0x080046f1   Data           1  os_dbg.o(.constdata)
    OSDbg_TmrSize                            0x080046f2   Data           2  os_dbg.o(.constdata)
    OSDbg_VersionNbr                         0x080046f4   Data           2  os_dbg.o(.constdata)
    OSDbg_DataSize                           0x080046f8   Data           4  os_dbg.o(.constdata)
    Region$$Table$$Base                      0x080046fc   Number         0  anon$$obj.o(Region$$Table)
    Region$$Table$$Limit                     0x0800471c   Number         0  anon$$obj.o(Region$$Table)
    buf_m485                                 0x20000000   Data           4  app.o(.data)
    buf_s485                                 0x20000004   Data           4  app.o(.data)
    buf_uart                                 0x20000008   Data           4  app.o(.data)
    buf_i2c                                  0x2000000c   Data           4  app.o(.data)
    buf_act                                  0x20000010   Data           4  app.o(.data)
    ACT_Q                                    0x20000014   Data           4  app.o(.data)
    TEL_Q                                    0x20000018   Data           4  app.o(.data)
    CAM_Q                                    0x2000001c   Data           4  app.o(.data)
    ULT_Q                                    0x20000020   Data           4  app.o(.data)
    HUM_Q                                    0x20000024   Data           4  app.o(.data)
    GYR_Q                                    0x20000028   Data           4  app.o(.data)
    BMS_Q                                    0x2000002c   Data           4  app.o(.data)
    M485_Q                                   0x20000030   Data           4  app.o(.data)
    S485_Q                                   0x20000034   Data           4  app.o(.data)
    I2C_Q                                    0x20000038   Data           4  app.o(.data)
    UART_Q                                   0x2000003c   Data           4  app.o(.data)
    MASTER_485_CONTEROL_MUT                  0x20000040   Data           4  app.o(.data)
    data1                                    0x20000044   Data           1  stm32f4xx_it.o(.data)
    m485_data_h                              0x20000048   Data           4  stm32f4xx_it.o(.data)
    m485_data_p                              0x2000004c   Data           4  stm32f4xx_it.o(.data)
    data_485_piont                           0x20000054   Data           4  stm32f4xx_it.o(.data)
    data_485_head                            0x20000058   Data           4  stm32f4xx_it.o(.data)
    ext_err                                  0x2000005d   Data           1  stm32f4xx_it.o(.data)
    CPU_TS_TmrFreq_Hz                        0x20000060   Data           4  cpu_core.o(.data)
    Math_RandSeedCur                         0x20000064   Data           4  lib_math.o(.data)
    Mem_PoolTbl                              0x20000068   Data           4  lib_mem.o(.data)
    OSPrioTbl                                0x2000006c   Data           8  os_prio.o(.data)
    OS_AppTaskCreateHookPtr                  0x20000074   Data           4  os_var.o(.data)
    OS_AppTaskDelHookPtr                     0x20000078   Data           4  os_var.o(.data)
    OS_AppTaskReturnHookPtr                  0x2000007c   Data           4  os_var.o(.data)
    OS_AppIdleTaskHookPtr                    0x20000080   Data           4  os_var.o(.data)
    OS_AppStatTaskHookPtr                    0x20000084   Data           4  os_var.o(.data)
    OS_AppTaskSwHookPtr                      0x20000088   Data           4  os_var.o(.data)
    OS_AppTimeTickHookPtr                    0x2000008c   Data           4  os_var.o(.data)
    OSIdleTaskCtr                            0x20000090   Data           4  os_var.o(.data)
    OSIntNestingCtr                          0x20000094   Data           1  os_var.o(.data)
    OSRunning                                0x20000095   Data           1  os_var.o(.data)
    OSFlagDbgListPtr                         0x20000098   Data           4  os_var.o(.data)
    OSFlagQty                                0x2000009c   Data           2  os_var.o(.data)
    OSMemDbgListPtr                          0x200000a0   Data           4  os_var.o(.data)
    OSMemQty                                 0x200000a4   Data           2  os_var.o(.data)
    OSMutexDbgListPtr                        0x200000a8   Data           4  os_var.o(.data)
    OSMutexQty                               0x200000ac   Data           2  os_var.o(.data)
    OSPrioCur                                0x200000ae   Data           1  os_var.o(.data)
    OSPrioHighRdy                            0x200000af   Data           1  os_var.o(.data)
    OSPrioSaved                              0x200000b0   Data           1  os_var.o(.data)
    OSQDbgListPtr                            0x200000b4   Data           4  os_var.o(.data)
    OSQQty                                   0x200000b8   Data           2  os_var.o(.data)
    OSSchedLockTimeBegin                     0x200000bc   Data           4  os_var.o(.data)
    OSSchedLockTimeMax                       0x200000c0   Data           4  os_var.o(.data)
    OSSchedLockTimeMaxCur                    0x200000c4   Data           4  os_var.o(.data)
    OSSchedLockNestingCtr                    0x200000c8   Data           1  os_var.o(.data)
    OSSemDbgListPtr                          0x200000cc   Data           4  os_var.o(.data)
    OSSemQty                                 0x200000d0   Data           2  os_var.o(.data)
    OSStatResetFlag                          0x200000d2   Data           1  os_var.o(.data)
    OSStatTaskCPUUsage                       0x200000d4   Data           2  os_var.o(.data)
    OSStatTaskCPUUsageMax                    0x200000d6   Data           2  os_var.o(.data)
    OSStatTaskCtr                            0x200000d8   Data           4  os_var.o(.data)
    OSStatTaskCtrMax                         0x200000dc   Data           4  os_var.o(.data)
    OSStatTaskCtrRun                         0x200000e0   Data           4  os_var.o(.data)
    OSStatTaskRdy                            0x200000e4   Data           1  os_var.o(.data)
    OSStatTaskTimeMax                        0x200000e8   Data           4  os_var.o(.data)
    OSTaskCtxSwCtr                           0x200000ec   Data           4  os_var.o(.data)
    OSTaskDbgListPtr                         0x200000f0   Data           4  os_var.o(.data)
    OSTaskQty                                0x200000f4   Data           2  os_var.o(.data)
    OSTaskRegNextAvailID                     0x200000f6   Data           1  os_var.o(.data)
    OSTickCtr                                0x200000f8   Data           4  os_var.o(.data)
    OSTickTaskTimeMax                        0x200000fc   Data           4  os_var.o(.data)
    OSTickListDly                            0x20000100   Data           8  os_var.o(.data)
    OSTickListTimeout                        0x20000108   Data           8  os_var.o(.data)
    OSTmrDbgListPtr                          0x20000110   Data           4  os_var.o(.data)
    OSTmrListEntries                         0x20000114   Data           2  os_var.o(.data)
    OSTmrListPtr                             0x20000118   Data           4  os_var.o(.data)
    OSTmrQty                                 0x2000011c   Data           2  os_var.o(.data)
    OSTmrTaskTimeMax                         0x20000120   Data           4  os_var.o(.data)
    OSTmrTickCtr                             0x20000124   Data           4  os_var.o(.data)
    OSTmrUpdateCnt                           0x20000128   Data           4  os_var.o(.data)
    OSTmrUpdateCtr                           0x2000012c   Data           4  os_var.o(.data)
    OSTCBCurPtr                              0x20000130   Data           4  os_var.o(.data)
    OSTCBHighRdyPtr                          0x20000134   Data           4  os_var.o(.data)
    OS_CPU_ExceptStkBase                     0x20000138   Data           4  os_cpu_c.o(.data)
    part_buf_m485                            0x2000013c   Data        1280  app.o(.bss)
    part_buf_s485                            0x2000063c   Data         640  app.o(.bss)
    part_buf_uart                            0x200008bc   Data         640  app.o(.bss)
    part_buf_i2c                             0x20000b3c   Data        1280  app.o(.bss)
    part_buf_act                             0x2000103c   Data         640  app.o(.bss)
    MsgGrp_ACT                               0x200012bc   Data          20  app.o(.bss)
    MsgGrp_TEL                               0x200012d0   Data          20  app.o(.bss)
    MsgGrp_CAM                               0x200012e4   Data          20  app.o(.bss)
    MsgGrp_ULT                               0x200012f8   Data          20  app.o(.bss)
    MsgGrp_HUM                               0x2000130c   Data          20  app.o(.bss)
    MsgGrp_GYR                               0x20001320   Data          20  app.o(.bss)
    MsgGrp_BMS                               0x20001334   Data          20  app.o(.bss)
    MsgGrp_M485                              0x20001348   Data          20  app.o(.bss)
    MsgGrp_S485                              0x2000135c   Data          20  app.o(.bss)
    MsgGrp_I2C                               0x20001370   Data          20  app.o(.bss)
    MsgGrp_UART                              0x20001384   Data          20  app.o(.bss)
    CPU_Name                                 0x20002c10   Data          16  cpu_core.o(.bss)
    Mem_PoolHeap                             0x20002c20   Data          72  lib_mem.o(.bss)
    Mem_Heap                                 0x20002c68   Data        1024  lib_mem.o(.bss)
    OSCfg_IdleTaskStk                        0x20003068   Data         512  os_cfg_app.o(.bss)
    OSCfg_ISRStk                             0x20003268   Data         512  os_cfg_app.o(.bss)
    OSCfg_MsgPool                            0x20003468   Data        1600  os_cfg_app.o(.bss)
    OSCfg_StatTaskStk                        0x20003aa8   Data         512  os_cfg_app.o(.bss)
    OSCfg_TickTaskStk                        0x20003ca8   Data         512  os_cfg_app.o(.bss)
    OSCfg_TmrTaskStk                         0x20003ea8   Data         512  os_cfg_app.o(.bss)
    OSIdleTaskTCB                            0x200040a8   Data         184  os_var.o(.bss)
    OSMsgPool                                0x20004160   Data          12  os_var.o(.bss)
    OSRdyList                                0x2000416c   Data         768  os_var.o(.bss)
    OSStatTaskTCB                            0x2000446c   Data         184  os_var.o(.bss)
    OSTickTaskTCB                            0x20004524   Data         184  os_var.o(.bss)
    OSTmrMutex                               0x200045dc   Data          44  os_var.o(.bss)
    OSTmrTaskTCB                             0x20004608   Data         184  os_var.o(.bss)
    __libspace_start                         0x200046c0   Data          96  libspace.o(.bss)
    __temporary_stack_top$libspace           0x20004720   Data           0  libspace.o(.bss)



==============================================================================

Memory Map of the image

  Image Entry point : 0x080001ad

  Load Region LR_IROM1 (Base: 0x08000000, Size: 0x00004858, Max: 0x00100000, ABSOLUTE, COMPRESSED[0x00004720])

    Execution Region ER_IROM1 (Base: 0x08000000, Size: 0x0000471c, Max: 0x00100000, ABSOLUTE)

    Base Addr    Size         Type   Attr      Idx    E Section Name        Object

    0x08000000   0x000001ac   Data   RO            3    RESET               startup_stm32f429_439xx.o
    0x080001ac   0x00000008   Code   RO         3210  * !!!main             c_w.l(__main.o)
    0x080001b4   0x00000034   Code   RO         3379    !!!scatter          c_w.l(__scatter.o)
    0x080001e8   0x0000003a   Code   RO         3377    !!dczerorl          c_w.l(__dczerorl.o)
    0x08000222   0x00000002   PAD
    0x08000224   0x0000001c   Code   RO         3381    !!handler_zi        c_w.l(__scatter_zi.o)
    0x08000240   0x00000002   Code   RO         3247    .ARM.Collect$$libinit$$00000000  c_w.l(libinit.o)
    0x08000242   0x00000004   Code   RO         3259    .ARM.Collect$$libinit$$00000001  c_w.l(libinit2.o)
    0x08000246   0x00000000   Code   RO         3262    .ARM.Collect$$libinit$$00000004  c_w.l(libinit2.o)
    0x08000246   0x00000000   Code   RO         3265    .ARM.Collect$$libinit$$0000000A  c_w.l(libinit2.o)
    0x08000246   0x00000000   Code   RO         3267    .ARM.Collect$$libinit$$0000000C  c_w.l(libinit2.o)
    0x08000246   0x00000000   Code   RO         3269    .ARM.Collect$$libinit$$0000000E  c_w.l(libinit2.o)
    0x08000246   0x00000000   Code   RO         3272    .ARM.Collect$$libinit$$00000011  c_w.l(libinit2.o)
    0x08000246   0x00000000   Code   RO         3274    .ARM.Collect$$libinit$$00000013  c_w.l(libinit2.o)
    0x08000246   0x00000000   Code   RO         3276    .ARM.Collect$$libinit$$00000015  c_w.l(libinit2.o)
    0x08000246   0x00000000   Code   RO         3278    .ARM.Collect$$libinit$$00000017  c_w.l(libinit2.o)
    0x08000246   0x00000000   Code   RO         3280    .ARM.Collect$$libinit$$00000019  c_w.l(libinit2.o)
    0x08000246   0x00000000   Code   RO         3282    .ARM.Collect$$libinit$$0000001B  c_w.l(libinit2.o)
    0x08000246   0x00000000   Code   RO         3284    .ARM.Collect$$libinit$$0000001D  c_w.l(libinit2.o)
    0x08000246   0x00000000   Code   RO         3286    .ARM.Collect$$libinit$$0000001F  c_w.l(libinit2.o)
    0x08000246   0x00000000   Code   RO         3288    .ARM.Collect$$libinit$$00000021  c_w.l(libinit2.o)
    0x08000246   0x00000000   Code   RO         3290    .ARM.Collect$$libinit$$00000023  c_w.l(libinit2.o)
    0x08000246   0x00000000   Code   RO         3292    .ARM.Collect$$libinit$$00000025  c_w.l(libinit2.o)
    0x08000246   0x00000000   Code   RO         3296    .ARM.Collect$$libinit$$0000002C  c_w.l(libinit2.o)
    0x08000246   0x00000000   Code   RO         3298    .ARM.Collect$$libinit$$0000002E  c_w.l(libinit2.o)
    0x08000246   0x00000000   Code   RO         3300    .ARM.Collect$$libinit$$00000030  c_w.l(libinit2.o)
    0x08000246   0x00000000   Code   RO         3302    .ARM.Collect$$libinit$$00000032  c_w.l(libinit2.o)
    0x08000246   0x00000002   Code   RO         3303    .ARM.Collect$$libinit$$00000033  c_w.l(libinit2.o)
    0x08000248   0x00000002   Code   RO         3334    .ARM.Collect$$libshutdown$$00000000  c_w.l(libshutdown.o)
    0x0800024a   0x00000000   Code   RO         3360    .ARM.Collect$$libshutdown$$00000002  c_w.l(libshutdown2.o)
    0x0800024a   0x00000000   Code   RO         3362    .ARM.Collect$$libshutdown$$00000004  c_w.l(libshutdown2.o)
    0x0800024a   0x00000000   Code   RO         3365    .ARM.Collect$$libshutdown$$00000007  c_w.l(libshutdown2.o)
    0x0800024a   0x00000000   Code   RO         3368    .ARM.Collect$$libshutdown$$0000000A  c_w.l(libshutdown2.o)
    0x0800024a   0x00000000   Code   RO         3370    .ARM.Collect$$libshutdown$$0000000C  c_w.l(libshutdown2.o)
    0x0800024a   0x00000000   Code   RO         3373    .ARM.Collect$$libshutdown$$0000000F  c_w.l(libshutdown2.o)
    0x0800024a   0x00000002   Code   RO         3374    .ARM.Collect$$libshutdown$$00000010  c_w.l(libshutdown2.o)
    0x0800024c   0x00000000   Code   RO         3212    .ARM.Collect$$rtentry$$00000000  c_w.l(__rtentry.o)
    0x0800024c   0x00000000   Code   RO         3218    .ARM.Collect$$rtentry$$00000002  c_w.l(__rtentry2.o)
    0x0800024c   0x00000006   Code   RO         3230    .ARM.Collect$$rtentry$$00000004  c_w.l(__rtentry4.o)
    0x08000252   0x00000000   Code   RO         3220    .ARM.Collect$$rtentry$$00000009  c_w.l(__rtentry2.o)
    0x08000252   0x00000004   Code   RO         3221    .ARM.Collect$$rtentry$$0000000A  c_w.l(__rtentry2.o)
    0x08000256   0x00000000   Code   RO         3223    .ARM.Collect$$rtentry$$0000000C  c_w.l(__rtentry2.o)
    0x08000256   0x00000008   Code   RO         3224    .ARM.Collect$$rtentry$$0000000D  c_w.l(__rtentry2.o)
    0x0800025e   0x00000002   Code   RO         3251    .ARM.Collect$$rtexit$$00000000  c_w.l(rtexit.o)
    0x08000260   0x00000000   Code   RO         3307    .ARM.Collect$$rtexit$$00000002  c_w.l(rtexit2.o)
    0x08000260   0x00000004   Code   RO         3308    .ARM.Collect$$rtexit$$00000003  c_w.l(rtexit2.o)
    0x08000264   0x00000006   Code   RO         3309    .ARM.Collect$$rtexit$$00000004  c_w.l(rtexit2.o)
    0x0800026a   0x00000002   PAD
    0x0800026c   0x00000040   Code   RO            4    .text               startup_stm32f429_439xx.o
    0x080002ac   0x00000034   Code   RO         1479    .text               cpu_a.o
    0x080002e0   0x00000006   Code   RO         3208    .text               c_w.l(heapauxi.o)
    0x080002e6   0x0000004a   Code   RO         3234    .text               c_w.l(sys_stackheap_outer.o)
    0x08000330   0x00000012   Code   RO         3236    .text               c_w.l(exit.o)
    0x08000342   0x00000002   PAD
    0x08000344   0x00000008   Code   RO         3248    .text               c_w.l(libspace.o)
    0x0800034c   0x0000000c   Code   RO         3304    .text               c_w.l(sys_exit.o)
    0x08000358   0x00000002   Code   RO         3323    .text               c_w.l(use_no_semi.o)
    0x0800035a   0x00000000   Code   RO         3325    .text               c_w.l(indicate_semi.o)
    0x0800035a   0x00000002   PAD
    0x0800035c   0x000000c4   Code   RO         3123    CODE                os_cpu_a.o
    0x08000420   0x00000048   Code   RO           64    i.AppTaskStart      app.o
    0x08000468   0x00000004   Code   RO          595    i.BSP_BMS_Init      bsp_bms.o
    0x0800046c   0x00000004   Code   RO          631    i.BSP_CAM_Init      bsp_camera.o
    0x08000470   0x00000008   Code   RO          518    i.BSP_CPU_ClkFreq   bsp.o
    0x08000478   0x00000004   Code   RO          667    i.BSP_GYR_Init      bsp_gyroscope.o
    0x0800047c   0x00000004   Code   RO          703    i.BSP_HUM_Init      bsp_humiture.o
    0x08000480   0x00000004   Code   RO         1349    i.BSP_IO_Init       bsp_iocontrol.o
    0x08000484   0x00000002   Code   RO          519    i.BSP_Init          bsp.o
    0x08000486   0x00000004   Code   RO         1408    i.BSP_TEL_Init      bsp_telecontrol.o
    0x0800048a   0x00000004   Code   RO         1444    i.BSP_ULT_Init      bsp_ultrasonic.o
    0x0800048e   0x00000020   Code   RO           65    i.Bsp_Init          app.o
    0x080004ae   0x00000004   Code   RO          410    i.BusFault_Handler  stm32f4xx_it.o
    0x080004b2   0x0000000c   Code   RO         1538    i.CPU_Init          cpu_core.o
    0x080004be   0x00000002   PAD
    0x080004c0   0x00000030   Code   RO         1539    i.CPU_NameClr       cpu_core.o
    0x080004f0   0x00000008   Code   RO         1541    i.CPU_NameInit      cpu_core.o
    0x080004f8   0x00000014   Code   RO         1545    i.CPU_TS_Init       cpu_core.o
    0x0800050c   0x0000000c   Code   RO         1547    i.CPU_TS_TmrFreqSet  cpu_core.o
    0x08000518   0x00000034   Code   RO          521    i.CPU_TS_TmrInit    bsp.o
    0x0800054c   0x0000000c   Code   RO          522    i.CPU_TS_TmrRd      bsp.o
    0x08000558   0x00000002   Code   RO          411    i.DebugMon_Handler  stm32f4xx_it.o
    0x0800055a   0x00000002   Code   RO          412    i.EXTI9_5_IRQHandler  stm32f4xx_it.o
    0x0800055c   0x00000030   Code   RO          413    i.HardFault_Handler  stm32f4xx_it.o
    0x0800058c   0x0000000a   Code   RO         1761    i.Math_Init         lib_math.o
    0x08000596   0x00000002   PAD
    0x08000598   0x0000002c   Code   RO         1764    i.Math_RandSetSeed  lib_math.o
    0x080005c4   0x00000004   Code   RO          414    i.MemManage_Handler  stm32f4xx_it.o
    0x080005c8   0x00000012   Code   RO         1797    i.Mem_Clr           lib_mem.o
    0x080005da   0x00000002   PAD
    0x080005dc   0x00000048   Code   RO         1801    i.Mem_Init          lib_mem.o
    0x08000624   0x00000054   Code   RO         1813    i.Mem_Set           lib_mem.o
    0x08000678   0x00000002   Code   RO          415    i.NMI_Handler       stm32f4xx_it.o
    0x0800067a   0x00000002   Code   RO         2066    i.OSCfg_Init        os_cfg_app.o
    0x0800067c   0x00000014   Code   RO         3126    i.OSIdleTaskHook    os_cpu_c.o
    0x08000690   0x00000164   Code   RO         2089    i.OSInit            os_core.o
    0x080007f4   0x00000028   Code   RO         3127    i.OSInitHook        os_cpu_c.o
    0x0800081c   0x0000002c   Code   RO         2090    i.OSIntEnter        os_core.o
    0x08000848   0x000000dc   Code   RO         2091    i.OSIntExit         os_core.o
    0x08000924   0x000000f4   Code   RO         2410    i.OSMemCreate       os_mem.o
    0x08000a18   0x00000064   Code   RO         2411    i.OSMemGet          os_mem.o
    0x08000a7c   0x00000070   Code   RO         2412    i.OSMemPut          os_mem.o
    0x08000aec   0x00000088   Code   RO         2482    i.OSMutexCreate     os_mutex.o
    0x08000b74   0x00000250   Code   RO         2484    i.OSMutexPend       os_mutex.o
    0x08000dc4   0x00000174   Code   RO         2486    i.OSMutexPost       os_mutex.o
    0x08000f38   0x00000090   Code   RO         2585    i.OSQCreate         os_q.o
    0x08000fc8   0x000001d0   Code   RO         2588    i.OSQPend           os_q.o
    0x08001198   0x000000a0   Code   RO         2092    i.OSSched           os_core.o
    0x08001238   0x00000074   Code   RO         2093    i.OSSchedLock       os_core.o
    0x080012ac   0x00000094   Code   RO         2094    i.OSSchedUnlock     os_core.o
    0x08001340   0x00000068   Code   RO         2095    i.OSStart           os_core.o
    0x080013a8   0x00000128   Code   RO         2729    i.OSStatReset       os_stat.o
    0x080014d0   0x000000f0   Code   RO         2730    i.OSStatTaskCPUUsageInit  os_stat.o
    0x080015c0   0x00000014   Code   RO         3128    i.OSStatTaskHook    os_cpu_c.o
    0x080015d4   0x0000019c   Code   RO         2760    i.OSTaskCreate      os_task.o
    0x08001770   0x00000018   Code   RO         3129    i.OSTaskCreateHook  os_cpu_c.o
    0x08001788   0x00000128   Code   RO         2761    i.OSTaskDel         os_task.o
    0x080018b0   0x00000018   Code   RO         3130    i.OSTaskDelHook     os_cpu_c.o
    0x080018c8   0x00000068   Code   RO         2769    i.OSTaskResume      os_task.o
    0x08001930   0x00000018   Code   RO         3131    i.OSTaskReturnHook  os_cpu_c.o
    0x08001948   0x000001dc   Code   RO         2770    i.OSTaskSemPend     os_task.o
    0x08001b24   0x0000003e   Code   RO         2772    i.OSTaskSemPost     os_task.o
    0x08001b62   0x00000002   PAD
    0x08001b64   0x000000d4   Code   RO         2774    i.OSTaskStkChk      os_task.o
    0x08001c38   0x000002c4   Code   RO         3132    i.OSTaskStkInit     os_cpu_c.o
    0x08001efc   0x00000038   Code   RO         2775    i.OSTaskSuspend     os_task.o
    0x08001f34   0x000000b8   Code   RO         3133    i.OSTaskSwHook      os_cpu_c.o
    0x08001fec   0x000000b8   Code   RO         2973    i.OSTimeDly         os_time.o
    0x080020a4   0x00000190   Code   RO         2974    i.OSTimeDlyHMSM     os_time.o
    0x08002234   0x00000044   Code   RO         2978    i.OSTimeTick        os_time.o
    0x08002278   0x00000014   Code   RO         3134    i.OSTimeTickHook    os_cpu_c.o
    0x0800228c   0x00000038   Code   RO         3135    i.OS_CPU_SysTickHandler  os_cpu_c.o
    0x080022c4   0x00000030   Code   RO         3136    i.OS_CPU_SysTickInit  os_cpu_c.o
    0x080022f4   0x000001a8   Code   RO         2305    i.OS_Dbg_Init       os_dbg.o
    0x0800249c   0x00000018   Code   RO         2330    i.OS_FlagInit       os_flag.o
    0x080024b4   0x00000044   Code   RO         2097    i.OS_IdleTask       os_core.o
    0x080024f8   0x00000070   Code   RO         2098    i.OS_IdleTaskInit   os_core.o
    0x08002568   0x00000028   Code   RO         2413    i.OS_MemDbgListAdd  os_mem.o
    0x08002590   0x00000018   Code   RO         2414    i.OS_MemInit        os_mem.o
    0x080025a8   0x0000007c   Code   RO         2446    i.OS_MsgPoolInit    os_msg.o
    0x08002624   0x00000044   Code   RO         2447    i.OS_MsgQFreeAll    os_msg.o
    0x08002668   0x00000068   Code   RO         2448    i.OS_MsgQGet        os_msg.o
    0x080026d0   0x0000000e   Code   RO         2449    i.OS_MsgQInit       os_msg.o
    0x080026de   0x00000002   PAD
    0x080026e0   0x00000030   Code   RO         2488    i.OS_MutexDbgListAdd  os_mutex.o
    0x08002710   0x00000018   Code   RO         2490    i.OS_MutexInit      os_mutex.o
    0x08002728   0x00000068   Code   RO         2099    i.OS_Pend           os_core.o
    0x08002790   0x00000026   Code   RO         2102    i.OS_PendDataInit   os_core.o
    0x080027b6   0x00000002   PAD
    0x080027b8   0x0000005c   Code   RO         2103    i.OS_PendDbgNameAdd  os_core.o
    0x08002814   0x00000024   Code   RO         2104    i.OS_PendDbgNameRemove  os_core.o
    0x08002838   0x00000046   Code   RO         2105    i.OS_PendListChangePrio  os_core.o
    0x0800287e   0x0000000a   Code   RO         2106    i.OS_PendListInit   os_core.o
    0x08002888   0x00000066   Code   RO         2108    i.OS_PendListInsertPrio  os_core.o
    0x080028ee   0x00000030   Code   RO         2109    i.OS_PendListRemove  os_core.o
    0x0800291e   0x00000042   Code   RO         2110    i.OS_PendListRemove1  os_core.o
    0x08002960   0x000000d6   Code   RO         2113    i.OS_Post           os_core.o
    0x08002a36   0x0000002a   Code   RO         2114    i.OS_Post1          os_core.o
    0x08002a60   0x00000028   Code   RO         2548    i.OS_PrioGetHighest  os_prio.o
    0x08002a88   0x00000018   Code   RO         2549    i.OS_PrioInit       os_prio.o
    0x08002aa0   0x00000024   Code   RO         2550    i.OS_PrioInsert     os_prio.o
    0x08002ac4   0x00000024   Code   RO         2551    i.OS_PrioRemove     os_prio.o
    0x08002ae8   0x00000030   Code   RO         2592    i.OS_QDbgListAdd    os_q.o
    0x08002b18   0x00000018   Code   RO         2594    i.OS_QInit          os_q.o
    0x08002b30   0x00000024   Code   RO         2115    i.OS_RdyListInit    os_core.o
    0x08002b54   0x0000002c   Code   RO         2116    i.OS_RdyListInsert  os_core.o
    0x08002b80   0x00000040   Code   RO         2117    i.OS_RdyListInsertHead  os_core.o
    0x08002bc0   0x0000003c   Code   RO         2118    i.OS_RdyListInsertTail  os_core.o
    0x08002bfc   0x0000005c   Code   RO         2120    i.OS_RdyListRemove  os_core.o
    0x08002c58   0x0000001c   Code   RO         2121    i.OS_SchedLockTimeMeasStart  os_core.o
    0x08002c74   0x0000003c   Code   RO         2122    i.OS_SchedLockTimeMeasStop  os_core.o
    0x08002cb0   0x00000018   Code   RO         2666    i.OS_SemInit        os_sem.o
    0x08002cc8   0x000002e8   Code   RO         2731    i.OS_StatTask       os_stat.o
    0x08002fb0   0x000000cc   Code   RO         2732    i.OS_StatTaskInit   os_stat.o
    0x0800307c   0x0000002c   Code   RO         2123    i.OS_TaskBlock      os_core.o
    0x080030a8   0x00000030   Code   RO         2776    i.OS_TaskDbgListAdd  os_task.o
    0x080030d8   0x00000044   Code   RO         2777    i.OS_TaskDbgListRemove  os_task.o
    0x0800311c   0x00000020   Code   RO         2778    i.OS_TaskInit       os_task.o
    0x0800313c   0x000000b4   Code   RO         2779    i.OS_TaskInitTCB    os_task.o
    0x080031f0   0x00000100   Code   RO         2781    i.OS_TaskResume     os_task.o
    0x080032f0   0x00000018   Code   RO         2782    i.OS_TaskReturn     os_task.o
    0x08003308   0x000001c4   Code   RO         2783    i.OS_TaskSemPost    os_task.o
    0x080034cc   0x00000118   Code   RO         2784    i.OS_TaskSuspend    os_task.o
    0x080035e4   0x00000086   Code   RO         2921    i.OS_TickListInsert  os_tick.o
    0x0800366a   0x00000002   PAD
    0x0800366c   0x000000bc   Code   RO         2922    i.OS_TickListInsertDly  os_tick.o
    0x08003728   0x00000058   Code   RO         2923    i.OS_TickListRemove  os_tick.o
    0x08003780   0x00000002   Code   RO         2924    i.OS_TickListResetPeak  os_tick.o
    0x08003782   0x00000002   PAD
    0x08003784   0x00000098   Code   RO         2925    i.OS_TickListUpdateDly  os_tick.o
    0x0800381c   0x000000d4   Code   RO         2926    i.OS_TickListUpdateTimeout  os_tick.o
    0x080038f0   0x00000070   Code   RO         2927    i.OS_TickTask       os_tick.o
    0x08003960   0x000000c8   Code   RO         2928    i.OS_TickTaskInit   os_tick.o
    0x08003a28   0x00000134   Code   RO         3024    i.OS_TmrInit        os_tmr.o
    0x08003b5c   0x00000018   Code   RO         3025    i.OS_TmrLock        os_tmr.o
    0x08003b74   0x00000002   Code   RO         3026    i.OS_TmrResetPeak   os_tmr.o
    0x08003b76   0x00000002   PAD
    0x08003b78   0x00000094   Code   RO         3027    i.OS_TmrTask        os_tmr.o
    0x08003c0c   0x00000044   Code   RO         3028    i.OS_TmrUnlink      os_tmr.o
    0x08003c50   0x00000014   Code   RO         3029    i.OS_TmrUnlock      os_tmr.o
    0x08003c64   0x00000002   Code   RO          418    i.SVC_Handler       stm32f4xx_it.o
    0x08003c66   0x00000002   PAD
    0x08003c68   0x00000124   Code   RO           11    i.SetSysClock       system_stm32f4xx.o
    0x08003d8c   0x00000208   Code   RO           66    i.Synchronization_init  app.o
    0x08003f94   0x00000068   Code   RO           13    i.SystemInit        system_stm32f4xx.o
    0x08003ffc   0x0000009c   Code   RO          420    i.USART1_IRQHandler  stm32f4xx_it.o
    0x08004098   0x00000040   Code   RO          421    i.USART2_IRQHandler  stm32f4xx_it.o
    0x080040d8   0x00000004   Code   RO          422    i.UsageFault_Handler  stm32f4xx_it.o
    0x080040dc   0x000002c8   Code   RO           67    i.main              app.o
    0x080043a4   0x00000030   Code   RO          358    i.task_thread_act   task_thread_ioc.o
    0x080043d4   0x00000030   Code   RO          274    i.task_thread_bms   task_thread_bms.o
    0x08004404   0x00000030   Code   RO          294    i.task_thread_cam   task_thread_cam.o
    0x08004434   0x00000030   Code   RO          326    i.task_thread_gyr   task_thread_gyr.o
    0x08004464   0x00000030   Code   RO          342    i.task_thread_hum   task_thread_hum.o
    0x08004494   0x00000030   Code   RO          374    i.task_thread_tel   task_thread_tel.o
    0x080044c4   0x00000030   Code   RO          394    i.task_thread_ult   task_thread_ult.o
    0x080044f4   0x0000000a   Code   RO         3319    x$fpl$fpinit        fz_wm.l(fpinit.o)
    0x080044fe   0x00000002   PAD
    0x08004500   0x00000094   Data   RO         2068    .constdata          os_cfg_app.o
    0x08004594   0x00000168   Data   RO         2306    .constdata          os_dbg.o
    0x080046fc   0x00000020   Data   RO         3375    Region$$Table       anon$$obj.o


    Execution Region RW_IRAM1 (Base: 0x20000000, Size: 0x00004d20, Max: 0x00030000, ABSOLUTE, COMPRESSED[0x00000004])

    Base Addr    Size         Type   Attr      Idx    E Section Name        Object

    0x20000000   0x00000044   Data   RW           70    .data               app.o
    0x20000044   0x0000001a   Data   RW          423    .data               stm32f4xx_it.o
    0x2000005e   0x00000002   PAD
    0x20000060   0x00000004   Data   RW         1551    .data               cpu_core.o
    0x20000064   0x00000004   Data   RW         1765    .data               lib_math.o
    0x20000068   0x00000004   Data   RW         1815    .data               lib_mem.o
    0x2000006c   0x00000008   Data   RW         2552    .data               os_prio.o
    0x20000074   0x000000c4   Data   RW         3110    .data               os_var.o
    0x20000138   0x00000004   Data   RW         3137    .data               os_cpu_c.o
    0x2000013c   0x00002ad4   Zero   RW           69    .bss                app.o
    0x20002c10   0x00000010   Zero   RW         1549    .bss                cpu_core.o
    0x20002c20   0x00000448   Zero   RW         1814    .bss                lib_mem.o
    0x20003068   0x00001040   Zero   RW         2067    .bss                os_cfg_app.o
    0x200040a8   0x00000618   Zero   RW         3109    .bss                os_var.o
    0x200046c0   0x00000060   Zero   RW         3249    .bss                c_w.l(libspace.o)
    0x20004720   0x00000200   Zero   RW            2    HEAP                startup_stm32f429_439xx.o
    0x20004920   0x00000400   Zero   RW            1    STACK               startup_stm32f429_439xx.o


==============================================================================

Image component sizes


      Code (inc. data)   RO Data    RW Data    ZI Data      Debug   Object Name

      1336        492          0         68      10964      42992   app.o
        74         18          0          0          0       2085   bsp.o
         4          0          0          0          0        523   bsp_bms.o
         4          0          0          0          0        527   bsp_camera.o
         4          0          0          0          0        535   bsp_gyroscope.o
         4          0          0          0          0        531   bsp_humiture.o
         4          0          0          0          0        534   bsp_iocontrol.o
         4          0          0          0          0        539   bsp_telecontrol.o
         4          0          0          0          0        535   bsp_ultrasonic.o
        52          0          0          0          0        312   cpu_a.o
       100         18          0          4         16       4693   cpu_core.o
        54          4          0          4          0       1938   lib_math.o
       174         18          0          4       1096      13627   lib_mem.o
         2          0        148          0       4160      19247   os_cfg_app.o
      2578        362          0          0          0      20390   os_core.o
       196         32          0          0          0        380   os_cpu_a.o
      1168        168          0          4          0       8057   os_cpu_c.o
       424        278        360          0          0       4841   os_dbg.o
        24         10          0          0          0        938   os_flag.o
       520         28          0          0          0       4460   os_mem.o
       310         26          0          0          0       3441   os_msg.o
      1172         78          0          0          0       4776   os_mutex.o
       136         16          0          8          0       3098   os_prio.o
       680         52          0          0          0       3710   os_q.o
        24         10          0          0          0        929   os_sem.o
      1484        190          0          0          0       4131   os_stat.o
      2958        168          0          0          0      13477   os_task.o
      1088         92          0          0          0       6662   os_tick.o
       652         46          0          0          0       3133   os_time.o
       570        142          0          0          0       4311   os_tmr.o
         0          0          0        196       1560      17824   os_var.o
        64         26        428          0       1536        924   startup_stm32f429_439xx.o
       288         40          0         26          0      24504   stm32f4xx_it.o
       396         34          0          0          0     239717   system_stm32f4xx.o
        48          8          0          0          0        682   task_thread_bms.o
        48          8          0          0          0        682   task_thread_cam.o
        48          8          0          0          0        682   task_thread_gyr.o
        48          8          0          0          0        682   task_thread_hum.o
        48          8          0          0          0        682   task_thread_ioc.o
        48          8          0          0          0       2708   task_thread_tel.o
        48          8          0          0          0        682   task_thread_ult.o

    ----------------------------------------------------------------------
     16908       2404        968        316      19332     465121   Object Totals
         0          0         32          0          0          0   (incl. Generated)
        20          0          0          2          0          0   (incl. Padding)

    ----------------------------------------------------------------------

      Code (inc. data)   RO Data    RW Data    ZI Data      Debug   Library Member Name

        58          0          0          0          0          0   __dczerorl.o
         8          0          0          0          0         68   __main.o
         0          0          0          0          0          0   __rtentry.o
        12          0          0          0          0          0   __rtentry2.o
         6          0          0          0          0          0   __rtentry4.o
        52          8          0          0          0          0   __scatter.o
        28          0          0          0          0          0   __scatter_zi.o
        18          0          0          0          0         80   exit.o
         6          0          0          0          0        152   heapauxi.o
         0          0          0          0          0          0   indicate_semi.o
         2          0          0          0          0          0   libinit.o
         6          0          0          0          0          0   libinit2.o
         2          0          0          0          0          0   libshutdown.o
         2          0          0          0          0          0   libshutdown2.o
         8          4          0          0         96         68   libspace.o
         2          0          0          0          0          0   rtexit.o
        10          0          0          0          0          0   rtexit2.o
        12          4          0          0          0         68   sys_exit.o
        74          0          0          0          0         80   sys_stackheap_outer.o
         2          0          0          0          0         68   use_no_semi.o
        10          0          0          0          0        116   fpinit.o

    ----------------------------------------------------------------------
       328         16          0          0         96        700   Library Totals
        10          0          0          0          0          0   (incl. Padding)

    ----------------------------------------------------------------------

      Code (inc. data)   RO Data    RW Data    ZI Data      Debug   Library Name

       308         16          0          0         96        584   c_w.l
        10          0          0          0          0        116   fz_wm.l

    ----------------------------------------------------------------------
       328         16          0          0         96        700   Library Totals

    ----------------------------------------------------------------------

==============================================================================


      Code (inc. data)   RO Data    RW Data    ZI Data      Debug   

     17236       2420        968        316      19428     451765   Grand Totals
     17236       2420        968          4      19428     451765   ELF Image Totals (compressed)
     17236       2420        968          4          0          0   ROM Totals

==============================================================================

    Total RO  Size (Code + RO Data)                18204 (  17.78kB)
    Total RW  Size (RW Data + ZI Data)             19744 (  19.28kB)
    Total ROM Size (Code + RO Data + RW Data)      18208 (  17.78kB)

==============================================================================

